Archive member included to satisfy reference by file (symbol)

Z:/devkitpro/libctru/lib\libcitro2d.a(base.o)
                              main.o (C2D_Init)
Z:/devkitpro/libctru/lib\libcitro2d.a(spritesheet.o)
                              main.o (C2D_SpriteSheetLoad)
Z:/devkitpro/libctru/lib\libcitro2d.a(text.o)
                              main.o (C2D_TextBufNew)
Z:/devkitpro/libctru/lib\libcitro2d.a(render2d_shbin.o)
                              Z:/devkitpro/libctru/lib\libcitro2d.a(base.o) (render2d_shbin)
Z:/devkitpro/libctru/lib\libcitro2d.a(font.o)
                              Z:/devkitpro/libctru/lib\libcitro2d.a(text.o) (C2D_FontGlyphIndexFromCodePoint)
Z:/devkitpro/libctru/lib\libcitro3d.a(attribs.o)
                              Z:/devkitpro/libctru/lib\libcitro2d.a(base.o) (AttrInfo_Init)
Z:/devkitpro/libctru/lib\libcitro3d.a(base.o)
                              Z:/devkitpro/libctru/lib\libcitro3d.a(attribs.o) (__C3D_Context)
Z:/devkitpro/libctru/lib\libcitro3d.a(buffers.o)
                              Z:/devkitpro/libctru/lib\libcitro2d.a(base.o) (BufInfo_Init)
Z:/devkitpro/libctru/lib\libcitro3d.a(drawElements.o)
                              Z:/devkitpro/libctru/lib\libcitro2d.a(base.o) (C3D_DrawElements)
Z:/devkitpro/libctru/lib\libcitro3d.a(effect.o)
                              Z:/devkitpro/libctru/lib\libcitro3d.a(base.o) (C3D_DepthMap)
Z:/devkitpro/libctru/lib\libcitro3d.a(framebuffer.o)
                              Z:/devkitpro/libctru/lib\libcitro3d.a(base.o) (C3Di_FrameBufBind)
Z:/devkitpro/libctru/lib\libcitro3d.a(immediate.o)
                              Z:/devkitpro/libctru/lib\libcitro3d.a(base.o) (C3D_ImmSendAttrib)
Z:/devkitpro/libctru/lib\libcitro3d.a(proctex.o)
                              Z:/devkitpro/libctru/lib\libcitro2d.a(base.o) (C3D_ProcTexInit)
Z:/devkitpro/libctru/lib\libcitro3d.a(renderqueue.o)
                              Z:/devkitpro/libctru/lib\libcitro3d.a(base.o) (C3Di_RenderQueueEnableVBlank)
Z:/devkitpro/libctru/lib\libcitro3d.a(tex3ds.o)
                              Z:/devkitpro/libctru/lib\libcitro2d.a(spritesheet.o) (Tex3DS_TextureImport)
Z:/devkitpro/libctru/lib\libcitro3d.a(texenv.o)
                              Z:/devkitpro/libctru/lib\libcitro2d.a(base.o) (C3D_GetTexEnv)
Z:/devkitpro/libctru/lib\libcitro3d.a(texture.o)
                              Z:/devkitpro/libctru/lib\libcitro3d.a(tex3ds.o) (C3D_TexInitWithParams)
Z:/devkitpro/libctru/lib\libcitro3d.a(uniforms.o)
                              Z:/devkitpro/libctru/lib\libcitro3d.a(base.o) (C3D_UpdateUniforms)
Z:/devkitpro/libctru/lib\libcitro3d.a(mtx_multiply.o)
                              Z:/devkitpro/libctru/lib\libcitro2d.a(base.o) (Mtx_Multiply)
Z:/devkitpro/libctru/lib\libcitro3d.a(mtx_ortho.o)
                              Z:/devkitpro/libctru/lib\libcitro2d.a(base.o) (Mtx_Ortho)
Z:/devkitpro/libctru/lib\libcitro3d.a(mtx_orthotilt.o)
                              Z:/devkitpro/libctru/lib\libcitro2d.a(base.o) (Mtx_OrthoTilt)
Z:/devkitpro/libctru/lib\libcitro3d.a(mtx_rotatez.o)
                              Z:/devkitpro/libctru/lib\libcitro2d.a(base.o) (Mtx_RotateZ)
Z:/devkitpro/libctru/lib\libcitro3d.a(mtx_scale.o)
                              Z:/devkitpro/libctru/lib\libcitro2d.a(base.o) (Mtx_Scale)
Z:/devkitpro/libctru/lib\libcitro3d.a(mtx_translate.o)
                              Z:/devkitpro/libctru/lib\libcitro2d.a(base.o) (Mtx_Translate)
Z:/devkitpro/libctru/lib\libctru.a(linear.o)
                              Z:/devkitpro/libctru/lib\libcitro2d.a(base.o) (linearAlloc)
Z:/devkitpro/libctru/lib\libctru.a(mem_pool.o)
                              Z:/devkitpro/libctru/lib\libctru.a(linear.o) (MemPool::Allocate(MemChunk&, unsigned long, int))
Z:/devkitpro/libctru/lib\libctru.a(vram.o)
                              Z:/devkitpro/libctru/lib\libcitro3d.a(renderqueue.o) (vramAlloc)
Z:/devkitpro/libctru/lib\libctru.a(font.o)
                              Z:/devkitpro/libctru/lib\libcitro2d.a(text.o) (fontEnsureMapped)
Z:/devkitpro/libctru/lib\libctru.a(gfx.o)
                              Z:/devkitpro/libctru/lib\libcitro2d.a(base.o) (gfxIsWide)
Z:/devkitpro/libctru/lib\libctru.a(os.o)
                              Z:/devkitpro/libctru/lib\libcitro3d.a(buffers.o) (osConvertVirtToPhys)
Z:/devkitpro/libctru/lib\libctru.a(romfs_dev.o)
                              main.o (romfsMountSelf)
Z:/devkitpro/libctru/lib\libctru.a(gpu.o)
                              Z:/devkitpro/libctru/lib\libcitro3d.a(renderqueue.o) (gpuCmdBuf)
Z:/devkitpro/libctru/lib\libctru.a(gx.o)
                              Z:/devkitpro/libctru/lib\libcitro3d.a(renderqueue.o) (GX_BindQueue)
Z:/devkitpro/libctru/lib\libctru.a(gxqueue.o)
                              Z:/devkitpro/libctru/lib\libcitro3d.a(renderqueue.o) (gxCmdQueueClear)
Z:/devkitpro/libctru/lib\libctru.a(shaderProgram.o)
                              Z:/devkitpro/libctru/lib\libcitro2d.a(base.o) (shaderInstanceGetUniformLocation)
[...]
Memory Configuration

Name             Origin             Length             Attributes
*default*        0x00000000         0xffffffff

Linker script and memory map

                0x00000000                        __sync_synchronize = __sync_synchronize_dmb
                0x00100000                        PROVIDE (__start__ = 0x100000)
                0x00100000                        . = __start__

.text           0x00100000    0x236f4
 *(.crt0)
 .crt0          0x00100000       0x94 Z:/devkitpro/devkitARM/bin/../lib/gcc/arm-none-eabi/16.1.0/../../../../arm-none-eabi/lib/armv6k/fpu/3dsx_crt0.o
                0x00100000                _start
                0x00100008                __service_ptr
                0x0010000c                __apt_appid
                0x00100010                __heap_size
                0x00100014                __linear_heap_size
                0x00100018                __system_arglist
                0x0010001c                __system_runflags
 *(.init)
 .init          0x00100094        0xc Z:/devkitpro/devkitARM/bin/../lib/gcc/arm-none-eabi/16.1.0/armv6k/fpu/crti.o
                0x00100094                _init
 .init          0x001000a0        0xc Z:/devkitpro/devkitARM/bin/../lib/gcc/arm-none-eabi/16.1.0/armv6k/fpu/crtn.o
                0x001000ac                        . = ALIGN (0x4)
 *(.text)
 .text          0x001000ac      0x20c Z:/devkitpro/devkitARM/bin/../lib/gcc/arm-none-eabi/16.1.0/armv6k/fpu\libgcc.a(_udivsi3.o)
                0x001000ac                __aeabi_uidiv
                0x001000ac                __udivsi3
                0x00100298                __aeabi_uidivmod
 .text          0x001002b8      0x240 Z:/devkitpro/devkitARM/bin/../lib/gcc/arm-none-eabi/16.1.0/armv6k/fpu\libgcc.a(_divsi3.o)
                0x001002b8                __divsi3
                0x001002b8                __aeabi_idiv
                0x001004d8                __aeabi_idivmod
 .text          0x001004f8        0x4 Z:/devkitpro/devkitARM/bin/../lib/gcc/arm-none-eabi/16.1.0/armv6k/fpu\libgcc.a(_dvmd_tls.o)
                0x001004f8                __aeabi_idiv0
                0x001004f8                __aeabi_ldiv0
 .text          0x001004fc      0x3c0 Z:/devkitpro/devkitARM/bin/../lib/gcc/arm-none-eabi/16.1.0/armv6k/fpu\libgcc.a(_arm_addsubdf3.o)
                0x001004fc                __aeabi_drsub
                0x00100504                __aeabi_dsub
                0x00100504                __subdf3
                0x00100508                __aeabi_dadd
                0x00100508                __adddf3
                0x001007b4                __floatunsidf
                0x001007b4                __aeabi_ui2d
                0x001007d8                __floatsidf
                0x001007d8                __aeabi_i2d
                0x00100800                __aeabi_f2d
                0x00100800                __extendsfdf2
                0x00100848                __floatundidf
                0x00100848                __aeabi_ul2d
                0x0010085c                __floatdidf
                0x0010085c                __aeabi_l2d
 .text          0x001008bc       0xd4 Z:/devkitpro/devkitARM/bin/../lib/gcc/arm-none-eabi/16.1.0/armv6k/fpu\libgcc.a(_aeabi_ldivmod.o)
                0x001008bc                __aeabi_ldivmod
 .text          0x00100990       0x3c Z:/devkitpro/devkitARM/bin/../lib/gcc/arm-none-eabi/16.1.0/armv6k/fpu\libgcc.a(_aeabi_uldivmod.o)
                0x00100990                __aeabi_uldivmod
 *fill*         0x001009cc       0x14 
 .text          0x001009e0      0x390 Z:/devkitpro/devkitARM/bin/../lib/gcc/arm-none-eabi/16.1.0/../../../../arm-none-eabi/lib/armv6k/fpu\libg.a(libc_a-strcmp.o)
                0x001009e8                strcmp
 *(.text.*)
 .text.__do_global_dtors_aux
                0x00100d70       0x50 Z:/devkitpro/devkitARM/bin/../lib/gcc/arm-none-eabi/16.1.0/armv6k/fpu/crtbegin.o
 .text.frame_dummy
                0x00100dc0       0x2c Z:/devkitpro/devkitARM/bin/../lib/gcc/arm-none-eabi/16.1.0/armv6k/fpu/crtbegin.o
 .text.incrimentLife
                0x00100dec       0x18 main.o
                0x00100dec                incrimentLife
 .text.decrimentLife
                0x00100e04       0x18 main.o
                0x00100e04                decrimentLife
 .text.initSprite
                0x00100e1c       0xac main.o
                0x00100e1c                initSprite
 .text.buttonUpdate
                0x00100ec8       0xec main.o
                0x00100ec8                buttonUpdate
 .text.buttonDraw
                0x00100fb4       0xc8 main.o
                0x00100fb4                buttonDraw
 *fill*         0x0010107c        0x4 
 .text.startup.main
                0x00101080      0x428 main.o
                0x00101080                main
 .text.C2Di_FrameEndHook
                0x001014a8       0x44 Z:/devkitpro/libctru/lib\libcitro2d.a(base.o)
 .text.C2D_Init
                0x001014ec      0x368 Z:/devkitpro/libctru/lib\libcitro2d.a(base.o)
                0x001014ec                C2D_Init
 .text.C2D_Fini
                0x00101854       0x4c Z:/devkitpro/libctru/lib\libcitro2d.a(base.o)
                0x00101854                C2D_Fini
 .text.C2D_Prepare
                0x001018a0       0xbc Z:/devkitpro/libctru/lib\libcitro2d.a(base.o)
                0x001018a0                C2D_Prepare
 .text.C2D_Flush
                0x0010195c       0x48 Z:/devkitpro/libctru/lib\libcitro2d.a(base.o)
                0x0010195c                C2D_Flush
 .text.C2D_SceneSize
                0x001019a4       0xfc Z:/devkitpro/libctru/lib\libcitro2d.a(base.o)
                0x001019a4                C2D_SceneSize
 .text.C2D_CreateScreenTarget
                0x00101aa0       0x60 Z:/devkitpro/libctru/lib\libcitro2d.a(base.o)
                0x00101aa0                C2D_CreateScreenTarget
 .text.C2D_TargetClear
                0x00101b00       0x60 Z:/devkitpro/libctru/lib\libcitro2d.a(base.o)
                0x00101b00                C2D_TargetClear
 .text.C2Di_CalcQuad
                0x00101b60      0x14c Z:/devkitpro/libctru/lib\libcitro2d.a(base.o)
                0x00101b60                C2Di_CalcQuad
 .text.C2Di_AppendQuad
                0x00101cac       0x54 Z:/devkitpro/libctru/lib\libcitro2d.a(base.o)
                0x00101cac                C2Di_AppendQuad
 .text.C2Di_AppendVtx
                0x00101d00       0x40 Z:/devkitpro/libctru/lib\libcitro2d.a(base.o)
                0x00101d00                C2Di_AppendVtx
 .text.C2Di_Update
                0x00101d40      0x738 Z:/devkitpro/libctru/lib\libcitro2d.a(base.o)
                0x00101d40                C2Di_Update
 .text.C2D_DrawImage
                0x00102478      0x2e8 Z:/devkitpro/libctru/lib\libcitro2d.a(base.o)
                0x00102478                C2D_DrawImage
 .text.C2D_DrawRectangle
                0x00102760      0x168 Z:/devkitpro/libctru/lib\libcitro2d.a(base.o)
                0x00102760                C2D_DrawRectangle
 .text.C2D_SpriteSheetLoadFromHandle
                0x001028c8       0x68 Z:/devkitpro/libctru/lib\libcitro2d.a(spritesheet.o)
                0x001028c8                C2D_SpriteSheetLoadFromHandle
 .text.C2D_SpriteSheetLoad
                0x00102930       0x48 Z:/devkitpro/libctru/lib\libcitro2d.a(spritesheet.o)
                0x00102930                C2D_SpriteSheetLoad
 .text.C2D_SpriteSheetFree
                0x00102978       0x28 Z:/devkitpro/libctru/lib\libcitro2d.a(spritesheet.o)
                0x00102978                C2D_SpriteSheetFree
 .text.C2D_SpriteSheetGetImage
                0x001029a0       0x28 Z:/devkitpro/libctru/lib\libcitro2d.a(spritesheet.o)
                0x001029a0                C2D_SpriteSheetGetImage
 .text.C2Di_GlyphComp
                0x001029c8       0x18 Z:/devkitpro/libctru/lib\libcitro2d.a(text.o)
 .text.C2Di_CalcLineWidths
                0x001029e0      0x180 Z:/devkitpro/libctru/lib\libcitro2d.a(text.o)
 .text.C2D_TextBufNew
                0x00102b60      0x1d0 Z:/devkitpro/libctru/lib\libcitro2d.a(text.o)
                0x00102b60                C2D_TextBufNew
 .text.C2D_TextBufDelete
                0x00102d30        0x4 Z:/devkitpro/libctru/lib\libcitro2d.a(text.o)
                0x00102d30                C2D_TextBufDelete
 .text.C2D_TextBufClear
                0x00102d34        0xc Z:/devkitpro/libctru/lib\libcitro2d.a(text.o)
                0x00102d34                C2D_TextBufClear
 .text.C2D_TextFontParseLine
                0x00102d40      0x1c4 Z:/devkitpro/libctru/lib\libcitro2d.a(text.o)
                0x00102d40                C2D_TextFontParseLine
 .text.C2D_TextFontParse
                0x00102f04       0xa4 Z:/devkitpro/libctru/lib\libcitro2d.a(text.o)
                0x00102f04                C2D_TextFontParse
 .text.C2D_TextParse
                0x00102fa8       0x10 Z:/devkitpro/libctru/lib\libcitro2d.a(text.o)
                0x00102fa8                C2D_TextParse
 .text.C2D_TextOptimize
                0x00102fb8       0x30 Z:/devkitpro/libctru/lib\libcitro2d.a(text.o)
                0x00102fb8                C2D_TextOptimize
 .text.C2D_DrawText
                0x00102fe8      0xfdc Z:/devkitpro/libctru/lib\libcitro2d.a(text.o)
                0x00102fe8                C2D_DrawText
 .text.C2D_FontGlyphIndexFromCodePoint
                0x00103fc4       0x50 Z:/devkitpro/libctru/lib\libcitro2d.a(font.o)
                0x00103fc4                C2D_FontGlyphIndexFromCodePoint
 .text.C2D_FontCalcGlyphPos
                0x00104014       0x74 Z:/devkitpro/libctru/lib\libcitro2d.a(font.o)
                0x00104014                C2D_FontCalcGlyphPos
 .text.AttrInfo_Init
                0x00104088       0x28 Z:/devkitpro/libctru/lib\libcitro3d.a(attribs.o)
                0x00104088                AttrInfo_Init
 .text.AttrInfo_AddLoader
                0x001040b0       0x94 Z:/devkitpro/libctru/lib\libcitro3d.a(attribs.o)
                0x001040b0                AttrInfo_AddLoader
 .text.C3D_SetAttrInfo
                0x00104144       0x54 Z:/devkitpro/libctru/lib\libcitro3d.a(attribs.o)
                0x00104144                C3D_SetAttrInfo
 .text.C3Di_AttrInfoBind
                0x00104198       0x80 Z:/devkitpro/libctru/lib\libcitro3d.a(attribs.o)
                0x00104198                C3Di_AttrInfoBind
 .text.C3Di_LightEnvUpdate
                0x00104218        0x4 Z:/devkitpro/libctru/lib\libcitro3d.a(base.o)
                0x00104218                C3Di_LightEnvUpdate
 .text.C3Di_LightEnvDirty
                0x0010421c        0x4 Z:/devkitpro/libctru/lib\libcitro3d.a(base.o)
                0x0010421c                C3Di_LightEnvDirty
 .text.C3Di_AptEventHook
                0x00104220       0xb4 Z:/devkitpro/libctru/lib\libcitro3d.a(base.o)
 .text.C3Di_GasUpdate
                0x001042d4        0x4 Z:/devkitpro/libctru/lib\libcitro3d.a(base.o)
                0x001042d4                C3Di_GasUpdate
 .text.C3D_Init
                0x001042d8      0x1d0 Z:/devkitpro/libctru/lib\libcitro3d.a(base.o)
                0x001042d8                C3D_Init
 .text.C3D_SetViewport
                0x001044a8       0x98 Z:/devkitpro/libctru/lib\libcitro3d.a(base.o)
                0x001044a8                C3D_SetViewport
 .text.C3Di_UpdateContext
                0x00104540      0x4e8 Z:/devkitpro/libctru/lib\libcitro3d.a(base.o)
                0x00104540                C3Di_UpdateContext
 .text.C3Di_SplitFrame
                0x00104a28       0xe0 Z:/devkitpro/libctru/lib\libcitro3d.a(base.o)
                0x00104a28                C3Di_SplitFrame
 .text.C3D_GetCmdBufUsage
                0x00104b08       0x10 Z:/devkitpro/libctru/lib\libcitro3d.a(base.o)
                0x00104b08                C3D_GetCmdBufUsage
 .text.C3D_Fini
                0x00104b18       0x44 Z:/devkitpro/libctru/lib\libcitro3d.a(base.o)
                0x00104b18                C3D_Fini
 .text.C3D_BindProgram
                0x00104b5c      0x194 Z:/devkitpro/libctru/lib\libcitro3d.a(base.o)
                0x00104b5c                C3D_BindProgram
 .text.BufInfo_Init
                0x00104cf0       0x24 Z:/devkitpro/libctru/lib\libcitro3d.a(buffers.o)
                0x00104cf0                BufInfo_Init
 .text.BufInfo_Add
                0x00104d14       0x80 Z:/devkitpro/libctru/lib\libcitro3d.a(buffers.o)
                0x00104d14                BufInfo_Add
 .text.C3D_SetBufInfo
                0x00104d94       0x3c Z:/devkitpro/libctru/lib\libcitro3d.a(buffers.o)
                0x00104d94                C3D_SetBufInfo
 .text.C3Di_BufInfoBind
                0x00104dd0       0x48 Z:/devkitpro/libctru/lib\libcitro3d.a(buffers.o)
                0x00104dd0                C3Di_BufInfoBind
 .text.C3D_DrawElements
                0x00104e18      0x21c Z:/devkitpro/libctru/lib\libcitro3d.a(drawElements.o)
                0x00104e18                C3D_DrawElements
 .text.C3D_DepthMap
                0x00105034       0x40 Z:/devkitpro/libctru/lib\libcitro3d.a(effect.o)
                0x00105034                C3D_DepthMap
 .text.C3D_CullFace
                0x00105074       0x1c Z:/devkitpro/libctru/lib\libcitro3d.a(effect.o)
                0x00105074                C3D_CullFace
 .text.C3D_StencilTest
                0x00105090       0x40 Z:/devkitpro/libctru/lib\libcitro3d.a(effect.o)
                0x00105090                C3D_StencilTest
 .text.C3D_StencilOp
                0x001050d0       0x24 Z:/devkitpro/libctru/lib\libcitro3d.a(effect.o)
                0x001050d0                C3D_StencilOp
 .text.C3D_BlendingColor
                0x001050f4       0x1c Z:/devkitpro/libctru/lib\libcitro3d.a(effect.o)
                0x001050f4                C3D_BlendingColor
 .text.C3D_EarlyDepthTest
                0x00105110       0x24 Z:/devkitpro/libctru/lib\libcitro3d.a(effect.o)
                0x00105110                C3D_EarlyDepthTest
 .text.C3D_DepthTest
                0x00105134       0x2c Z:/devkitpro/libctru/lib\libcitro3d.a(effect.o)
                0x00105134                C3D_DepthTest
 .text.C3D_AlphaTest
                0x00105160       0x2c Z:/devkitpro/libctru/lib\libcitro3d.a(effect.o)
                0x00105160                C3D_AlphaTest
 .text.C3D_AlphaBlend
                0x0010518c       0x50 Z:/devkitpro/libctru/lib\libcitro3d.a(effect.o)
                0x0010518c                C3D_AlphaBlend
 .text.C3D_FragOpMode
                0x001051dc       0x30 Z:/devkitpro/libctru/lib\libcitro3d.a(effect.o)
                0x001051dc                C3D_FragOpMode
 .text.C3D_FragOpShadow
                0x0010520c       0x44 Z:/devkitpro/libctru/lib\libcitro3d.a(effect.o)
                0x0010520c                C3D_FragOpShadow
 .text.C3Di_EffectBind
                0x00105250      0x1ac Z:/devkitpro/libctru/lib\libcitro3d.a(effect.o)
                0x00105250                C3Di_EffectBind
 .text.C3D_CalcColorBufSize
                0x001053fc       0x1c Z:/devkitpro/libctru/lib\libcitro3d.a(framebuffer.o)
                0x001053fc                C3D_CalcColorBufSize
 .text.C3D_CalcDepthBufSize
                0x00105418       0x1c Z:/devkitpro/libctru/lib\libcitro3d.a(framebuffer.o)
                0x00105418                C3D_CalcDepthBufSize
 .text.C3D_SetFrameBuf
                0x00105434       0x44 Z:/devkitpro/libctru/lib\libcitro3d.a(framebuffer.o)
                0x00105434                C3D_SetFrameBuf
 .text.C3Di_FrameBufBind
                0x00105478      0x16c Z:/devkitpro/libctru/lib\libcitro3d.a(framebuffer.o)
                0x00105478                C3Di_FrameBufBind
 .text.C3D_FrameBufClear
                0x001055e4       0xc8 Z:/devkitpro/libctru/lib\libcitro3d.a(framebuffer.o)
                0x001055e4                C3D_FrameBufClear
 .text.C3D_FrameBufTransfer
                0x001056ac       0x44 Z:/devkitpro/libctru/lib\libcitro3d.a(framebuffer.o)
                0x001056ac                C3D_FrameBufTransfer
 .text.C3D_ImmSendAttrib
                0x001056f0       0xa8 Z:/devkitpro/libctru/lib\libcitro3d.a(immediate.o)
                0x001056f0                C3D_ImmSendAttrib
 .text.C3D_ProcTexInit
                0x00105798       0x70 Z:/devkitpro/libctru/lib\libcitro3d.a(proctex.o)
                0x00105798                C3D_ProcTexInit
 .text.C3D_ProcTexBind
                0x00105808       0x54 Z:/devkitpro/libctru/lib\libcitro3d.a(proctex.o)
                0x00105808                C3D_ProcTexBind
 .text.C3D_ProcTexLutBind
                0x0010585c       0x5c Z:/devkitpro/libctru/lib\libcitro3d.a(proctex.o)
                0x0010585c                C3D_ProcTexLutBind
 .text.ProcTexLut_FromArray
                0x001058b8       0xa4 Z:/devkitpro/libctru/lib\libcitro3d.a(proctex.o)
                0x001058b8                ProcTexLut_FromArray
 .text.C3Di_ProcTexUpdate
                0x0010595c      0x178 Z:/devkitpro/libctru/lib\libcitro3d.a(proctex.o)
                0x0010595c                C3Di_ProcTexUpdate
 .text.C3Di_ProcTexDirty
                0x00105ad4       0x68 Z:/devkitpro/libctru/lib\libcitro3d.a(proctex.o)
                0x00105ad4                C3Di_ProcTexDirty
 .text.onVBlank0
                0x00105b3c       0x4c Z:/devkitpro/libctru/lib\libcitro3d.a(renderqueue.o)
 .text.onVBlank1
                0x00105b88       0x4c Z:/devkitpro/libctru/lib\libcitro3d.a(renderqueue.o)
 .text.C3Di_RenderTargetDestroy
                0x00105bd4       0x80 Z:/devkitpro/libctru/lib\libcitro3d.a(renderqueue.o)
 .text.onQueueFinish
                0x00105c54       0xf4 Z:/devkitpro/libctru/lib\libcitro3d.a(renderqueue.o)
 .text.C3Di_RenderQueueEnableVBlank
                0x00105d48       0x38 Z:/devkitpro/libctru/lib\libcitro3d.a(renderqueue.o)
                0x00105d48                C3Di_RenderQueueEnableVBlank
 .text.C3Di_RenderQueueDisableVBlank
                0x00105d80       0x30 Z:/devkitpro/libctru/lib\libcitro3d.a(renderqueue.o)
                0x00105d80                C3Di_RenderQueueDisableVBlank
 .text.C3Di_RenderQueueInit
                0x00105db0       0x60 Z:/devkitpro/libctru/lib\libcitro3d.a(renderqueue.o)
                0x00105db0                C3Di_RenderQueueInit
 .text.C3Di_RenderQueueExit
                0x00105e10       0xb4 Z:/devkitpro/libctru/lib\libcitro3d.a(renderqueue.o)
                0x00105e10                C3Di_RenderQueueExit
 .text.C3Di_RenderQueueWaitDone
                0x00105ec4       0x34 Z:/devkitpro/libctru/lib\libcitro3d.a(renderqueue.o)
                0x00105ec4                C3Di_RenderQueueWaitDone
 .text.C3D_FrameBegin
                0x00105ef8       0xe8 Z:/devkitpro/libctru/lib\libcitro3d.a(renderqueue.o)
                0x00105ef8                C3D_FrameBegin
 .text.C3D_FrameDrawOn
                0x00105fe0       0x48 Z:/devkitpro/libctru/lib\libcitro3d.a(renderqueue.o)
                0x00105fe0                C3D_FrameDrawOn
 .text.C3D_FrameSplit
                0x00106028       0x58 Z:/devkitpro/libctru/lib\libcitro3d.a(renderqueue.o)
                0x00106028                C3D_FrameSplit
 .text.C3D_FrameEnd
                0x00106080      0x1d0 Z:/devkitpro/libctru/lib\libcitro3d.a(renderqueue.o)
                0x00106080                C3D_FrameEnd
 .text.C3D_FrameEndHook
                0x00106250       0x1c Z:/devkitpro/libctru/lib\libcitro3d.a(renderqueue.o)
                0x00106250                C3D_FrameEndHook
 .text.C3D_GetDrawingTime
                0x0010626c       0x18 Z:/devkitpro/libctru/lib\libcitro3d.a(renderqueue.o)
                0x0010626c                C3D_GetDrawingTime
 .text.C3D_GetProcessingTime
                0x00106284       0x18 Z:/devkitpro/libctru/lib\libcitro3d.a(renderqueue.o)
                0x00106284                C3D_GetProcessingTime
 .text.C3D_RenderTargetCreate
                0x0010629c      0x170 Z:/devkitpro/libctru/lib\libcitro3d.a(renderqueue.o)
                0x0010629c                C3D_RenderTargetCreate
 .text.C3D_RenderTargetSetOutput
                0x0010640c       0xa8 Z:/devkitpro/libctru/lib\libcitro3d.a(renderqueue.o)
                0x0010640c                C3D_RenderTargetSetOutput
 .text.C3D_SyncTextureCopy
                0x001064b4       0xfc Z:/devkitpro/libctru/lib\libcitro3d.a(renderqueue.o)
                0x001064b4                C3D_SyncTextureCopy
 .text.Tex3DSi_ImportCommon
                0x001065b0      0x3d8 Z:/devkitpro/libctru/lib\libcitro3d.a(tex3ds.o)
 .text.Tex3DS_TextureImportStdio
                0x00106988       0x38 Z:/devkitpro/libctru/lib\libcitro3d.a(tex3ds.o)
                0x00106988                Tex3DS_TextureImportStdio
 .text.Tex3DS_GetSubTexture
                0x001069c0       0x1c Z:/devkitpro/libctru/lib\libcitro3d.a(tex3ds.o)
                0x001069c0                Tex3DS_GetSubTexture
 .text.Tex3DS_TextureFree
                0x001069dc        0x4 Z:/devkitpro/libctru/lib\libcitro3d.a(tex3ds.o)
                0x001069dc                Tex3DS_TextureFree
 .text.C3D_GetTexEnv
                0x001069e0       0x34 Z:/devkitpro/libctru/lib\libcitro3d.a(texenv.o)
                0x001069e0                C3D_GetTexEnv
 .text.C3Di_TexEnvBind
                0x00106a14       0x24 Z:/devkitpro/libctru/lib\libcitro3d.a(texenv.o)
                0x00106a14                C3Di_TexEnvBind
 .text.C3D_TexInitWithParams
                0x00106a38      0x290 Z:/devkitpro/libctru/lib\libcitro3d.a(texture.o)
                0x00106a38                C3D_TexInitWithParams
 .text.C3D_TexLoadImage
                0x00106cc8       0xc8 Z:/devkitpro/libctru/lib\libcitro3d.a(texture.o)
                0x00106cc8                C3D_TexLoadImage
 .text.C3D_TexBind
                0x00106d90       0x44 Z:/devkitpro/libctru/lib\libcitro3d.a(texture.o)
                0x00106d90                C3D_TexBind
 .text.C3D_TexDelete
                0x00106dd4       0x74 Z:/devkitpro/libctru/lib\libcitro3d.a(texture.o)
                0x00106dd4                C3D_TexDelete
 .text.C3Di_SetTex
                0x00106e48      0x14c Z:/devkitpro/libctru/lib\libcitro3d.a(texture.o)
                0x00106e48                C3Di_SetTex
 .text.C3D_UpdateUniforms
                0x00106f94      0x290 Z:/devkitpro/libctru/lib\libcitro3d.a(uniforms.o)
                0x00106f94                C3D_UpdateUniforms
 .text.C3Di_DirtyUniforms
                0x00107224       0xc0 Z:/devkitpro/libctru/lib\libcitro3d.a(uniforms.o)
                0x00107224                C3Di_DirtyUniforms
 .text.C3Di_LoadShaderUniforms
                0x001072e4       0xd8 Z:/devkitpro/libctru/lib\libcitro3d.a(uniforms.o)
                0x001072e4                C3Di_LoadShaderUniforms
 .text.C3Di_ClearShaderUniforms
                0x001073bc       0x28 Z:/devkitpro/libctru/lib\libcitro3d.a(uniforms.o)
                0x001073bc                C3Di_ClearShaderUniforms
 .text.Mtx_Ortho
                0x001073e4       0xcc Z:/devkitpro/libctru/lib\libcitro3d.a(mtx_ortho.o)
                0x001073e4                Mtx_Ortho
 .text.Mtx_OrthoTilt
                0x001074b0       0xcc Z:/devkitpro/libctru/lib\libcitro3d.a(mtx_orthotilt.o)
                0x001074b0                Mtx_OrthoTilt
 .text._ZL21addrMapNodeComparatorPK11rbtree_nodeS1_
                0x0010757c       0x24 Z:/devkitpro/libctru/lib\libctru.a(linear.o)
 .text._ZL21addrMapNodeDestructorP11rbtree_node
                0x001075a0        0x4 Z:/devkitpro/libctru/lib\libctru.a(linear.o)
 .text.linearMemAlign
                0x001075a4      0x12c Z:/devkitpro/libctru/lib\libctru.a(linear.o)
                0x001075a4                linearMemAlign
 .text.linearAlloc
                0x001076d0        0x8 Z:/devkitpro/libctru/lib\libctru.a(linear.o)
                0x001076d0                linearAlloc
 .text.linearFree
                0x001076d8       0x5c Z:/devkitpro/libctru/lib\libctru.a(linear.o)
                0x001076d8                linearFree
 .text._ZN7MemPool13CoalesceRightEP8MemBlock
                0x00107734       0x88 Z:/devkitpro/libctru/lib\libctru.a(mem_pool.o)
                0x00107734                MemPool::CoalesceRight(MemBlock*)
 .text._ZN7MemPool8AllocateER8MemChunkmi
                0x001077bc      0x178 Z:/devkitpro/libctru/lib\libctru.a(mem_pool.o)
                0x001077bc                MemPool::Allocate(MemChunk&, unsigned long, int)
 .text._ZN7MemPool10DeallocateERK8MemChunk
                0x00107934      0x118 Z:/devkitpro/libctru/lib\libctru.a(mem_pool.o)
                0x00107934                MemPool::Deallocate(MemChunk const&)
 .text._ZN7MemPool12GetFreeSpaceEv
                0x00107a4c       0x30 Z:/devkitpro/libctru/lib\libctru.a(mem_pool.o)
                0x00107a4c                MemPool::GetFreeSpace()
 .text._ZL21addrMapNodeComparatorPK11rbtree_nodeS1_
                0x00107a7c       0x24 Z:/devkitpro/libctru/lib\libctru.a(vram.o)
 .text._ZL21addrMapNodeDestructorP11rbtree_node
                0x00107aa0        0x4 Z:/devkitpro/libctru/lib\libctru.a(vram.o)
 .text.vramMemAlignAt
                0x00107aa4      0x248 Z:/devkitpro/libctru/lib\libctru.a(vram.o)
                0x00107aa4                vramMemAlignAt
 .text.vramAlloc
                0x00107cec        0xc Z:/devkitpro/libctru/lib\libctru.a(vram.o)
                0x00107cec                vramAlloc
 .text.vramAllocAt
                0x00107cf8        0xc Z:/devkitpro/libctru/lib\libctru.a(vram.o)
                0x00107cf8                vramAllocAt
 .text.vramFree
                0x00107d04       0x94 Z:/devkitpro/libctru/lib\libctru.a(vram.o)
                0x00107d04                vramFree
 .text.fontEnsureMapped
                0x00107d98       0x9c Z:/devkitpro/libctru/lib\libctru.a(font.o)
                0x00107d98                fontEnsureMapped
 .text.fontGlyphIndexFromCodePoint
                0x00107e34      0x100 Z:/devkitpro/libctru/lib\libctru.a(font.o)
                0x00107e34                fontGlyphIndexFromCodePoint
 .text.fontCalcGlyphPos
                0x00107f34      0x214 Z:/devkitpro/libctru/lib\libctru.a(font.o)
                0x00107f34                fontCalcGlyphPos
 .text.gfxPresentFramebuffer
                0x00108148       0xcc Z:/devkitpro/libctru/lib\libctru.a(gfx.o)
 .text.gfxIsWide
                0x00108214       0x1c Z:/devkitpro/libctru/lib\libctru.a(gfx.o)
                0x00108214                gfxIsWide
 .text.gfxSetScreenFormat
                0x00108230       0xf8 Z:/devkitpro/libctru/lib\libctru.a(gfx.o)
                0x00108230                gfxSetScreenFormat
 .text.gfxInit  0x00108328       0xd8 Z:/devkitpro/libctru/lib\libctru.a(gfx.o)
                0x00108328                gfxInit
 .text.gfxInitDefault
                0x00108400       0x10 Z:/devkitpro/libctru/lib\libctru.a(gfx.o)
                0x00108400                gfxInitDefault
 .text.gfxExit  0x00108410       0xb8 Z:/devkitpro/libctru/lib\libctru.a(gfx.o)
                0x00108410                gfxExit
 .text.gfxGetFramebuffer
                0x001084c8       0xa0 Z:/devkitpro/libctru/lib\libctru.a(gfx.o)
                0x001084c8                gfxGetFramebuffer
 .text.gfxScreenSwapBuffers
                0x00108568       0x28 Z:/devkitpro/libctru/lib\libctru.a(gfx.o)
                0x00108568                gfxScreenSwapBuffers
 .text.osConvertVirtToPhys
                0x00108590       0x74 Z:/devkitpro/libctru/lib\libctru.a(os.o)
                0x00108590                osConvertVirtToPhys
 .text.osGetTimeRef
                0x00108604       0x54 Z:/devkitpro/libctru/lib\libctru.a(os.o)
                0x00108604                osGetTimeRef
 .text.osGetTime
                0x00108658       0xec Z:/devkitpro/libctru/lib\libctru.a(os.o)
                0x00108658                osGetTime
 *fill*         0x00108744        0x4 
 .text.osTickCounterRead
                0x00108748       0x38 Z:/devkitpro/libctru/lib\libctru.a(os.o)
                0x00108748                osTickCounterRead
 .text.__ctru_speedup_config
                0x00108780       0x34 Z:/devkitpro/libctru/lib\libctru.a(os.o)
                0x00108780                __ctru_speedup_config
 .text.romfs_close
                0x001087b4        0x8 Z:/devkitpro/libctru/lib\libctru.a(romfs_dev.o)
 .text.romfs_seek
                0x001087bc       0xac Z:/devkitpro/libctru/lib\libctru.a(romfs_dev.o)
 .text.romfs_dirreset
                0x00108868       0x24 Z:/devkitpro/libctru/lib\libctru.a(romfs_dev.o)
 .text.fill_dir
                0x0010888c       0xc0 Z:/devkitpro/libctru/lib\libctru.a(romfs_dev.o)
 .text.romfs_dirnext
                0x0010894c      0x2ac Z:/devkitpro/libctru/lib\libctru.a(romfs_dev.o)
 .text.romfs_free
                0x00108bf8       0x74 Z:/devkitpro/libctru/lib\libctru.a(romfs_dev.o)
 .text.searchForFile.constprop.0
                0x00108c6c       0xd0 Z:/devkitpro/libctru/lib\libctru.a(romfs_dev.o)
 .text.searchForDir.constprop.0
                0x00108d3c       0xd4 Z:/devkitpro/libctru/lib\libctru.a(romfs_dev.o)
 .text.navigateToDir.constprop.0
                0x00108e10      0x1c0 Z:/devkitpro/libctru/lib\libctru.a(romfs_dev.o)
 .text.romfs_open
                0x00108fd0      0x114 Z:/devkitpro/libctru/lib\libctru.a(romfs_dev.o)
 .text.romfs_chdir
                0x001090e4       0x4c Z:/devkitpro/libctru/lib\libctru.a(romfs_dev.o)
 .text.romfs_diropen
                0x00109130       0x68 Z:/devkitpro/libctru/lib\libctru.a(romfs_dev.o)
 .text.romfs_stat
                0x00109198      0x178 Z:/devkitpro/libctru/lib\libctru.a(romfs_dev.o)
 .text.romfs_dirclose
                0x00109310        0x8 Z:/devkitpro/libctru/lib\libctru.a(romfs_dev.o)
 .text.romfs_fstat
                0x00109318       0x7c Z:/devkitpro/libctru/lib\libctru.a(romfs_dev.o)
 .text.romfs_read
                0x00109394       0xd0 Z:/devkitpro/libctru/lib\libctru.a(romfs_dev.o)
 .text.romfsMountFromFile
                0x00109464      0x294 Z:/devkitpro/libctru/lib\libctru.a(romfs_dev.o)
                0x00109464                romfsMountFromFile
 .text.romfsMountFromCurrentProcess
                0x001096f8       0x98 Z:/devkitpro/libctru/lib\libctru.a(romfs_dev.o)
                0x001096f8                romfsMountFromCurrentProcess
 .text.romfsMountSelf
                0x00109790      0x258 Z:/devkitpro/libctru/lib\libctru.a(romfs_dev.o)
                0x00109790                romfsMountSelf
 .text.romfsUnmount
                0x001099e8       0xa0 Z:/devkitpro/libctru/lib\libctru.a(romfs_dev.o)
                0x001099e8                romfsUnmount
 .text.GPUCMD_Add
                0x00109a88      0x13c Z:/devkitpro/libctru/lib\libctru.a(gpu.o)
                0x00109a88                GPUCMD_Add
 .text.GPUCMD_Split
                0x00109bc4       0xb0 Z:/devkitpro/libctru/lib\libctru.a(gpu.o)
                0x00109bc4                GPUCMD_Split
 .text.f32tof16
                0x00109c74       0x34 Z:/devkitpro/libctru/lib\libctru.a(gpu.o)
                0x00109c74                f32tof16
 .text.f32tof24
                0x00109ca8       0x34 Z:/devkitpro/libctru/lib\libctru.a(gpu.o)
                0x00109ca8                f32tof24
 .text.f32tof31
                0x00109cdc       0x38 Z:/devkitpro/libctru/lib\libctru.a(gpu.o)
                0x00109cdc                f32tof31
 .text.GX_BindQueue
                0x00109d14       0x10 Z:/devkitpro/libctru/lib\libctru.a(gx.o)
                0x00109d14                GX_BindQueue
 .text.GX_ProcessCommandList
                0x00109d24       0x7c Z:/devkitpro/libctru/lib\libctru.a(gx.o)
                0x00109d24                GX_ProcessCommandList
 .text.GX_MemoryFill
                0x00109da0       0x74 Z:/devkitpro/libctru/lib\libctru.a(gx.o)
                0x00109da0                GX_MemoryFill
 .text.GX_DisplayTransfer
                0x00109e14       0x74 Z:/devkitpro/libctru/lib\libctru.a(gx.o)
                0x00109e14                GX_DisplayTransfer
 .text.GX_TextureCopy
                0x00109e88       0x78 Z:/devkitpro/libctru/lib\libctru.a(gx.o)
                0x00109e88                GX_TextureCopy
 .text.gxCmdQueueDoCommands.part.0
                0x00109f00       0x64 Z:/devkitpro/libctru/lib\libctru.a(gxqueue.o)
 .text.gxCmdQueueInterrupt
                0x00109f64       0xe4 Z:/devkitpro/libctru/lib\libctru.a(gxqueue.o)
                0x00109f64                gxCmdQueueInterrupt
 .text.gxCmdQueueClear
                0x0010a048       0x68 Z:/devkitpro/libctru/lib\libctru.a(gxqueue.o)
                0x0010a048                gxCmdQueueClear
 .text.gxCmdQueueAdd
                0x0010a0b0      0x108 Z:/devkitpro/libctru/lib\libctru.a(gxqueue.o)
                0x0010a0b0                gxCmdQueueAdd
 .text.gxCmdQueueRun
                0x0010a1b8       0x80 Z:/devkitpro/libctru/lib\libctru.a(gxqueue.o)
                0x0010a1b8                gxCmdQueueRun
 .text.gxCmdQueueStop
                0x0010a238       0x64 Z:/devkitpro/libctru/lib\libctru.a(gxqueue.o)
                0x0010a238                gxCmdQueueStop
 .text.gxCmdQueueWait
                0x0010a29c       0xac Z:/devkitpro/libctru/lib\libctru.a(gxqueue.o)
                0x0010a29c                gxCmdQueueWait
 .text.shaderInstanceInit
                0x0010a348      0x1e0 Z:/devkitpro/libctru/lib\libctru.a(shaderProgram.o)
                0x0010a348                shaderInstanceInit
 .text.shaderInstanceGetUniformLocation
                0x0010a528       0x18 Z:/devkitpro/libctru/lib\libctru.a(shaderProgram.o)
                0x0010a528                shaderInstanceGetUniformLocation
 .text.shaderProgramInit
                0x0010a540       0x1c Z:/devkitpro/libctru/lib\libctru.a(shaderProgram.o)
                0x0010a540                shaderProgramInit
 .text.shaderProgramFree
                0x0010a55c       0x74 Z:/devkitpro/libctru/lib\libctru.a(shaderProgram.o)
                0x0010a55c                shaderProgramFree
 .text.shaderProgramSetVsh
                0x0010a5d0       0x94 Z:/devkitpro/libctru/lib\libctru.a(shaderProgram.o)
                0x0010a5d0                shaderProgramSetVsh
 .text.shaderProgramConfigure
                0x0010a664      0x8d0 Z:/devkitpro/libctru/lib\libctru.a(shaderProgram.o)
                0x0010a664                shaderProgramConfigure
 .text.DVLE_GenerateOutmap.part.0
                0x0010af34      0x1dc Z:/devkitpro/libctru/lib\libctru.a(shbin.o)
 .text.DVLB_ParseFile
                0x0010b110      0x1ac Z:/devkitpro/libctru/lib\libctru.a(shbin.o)
                0x0010b110                DVLB_ParseFile
 .text.DVLB_Free
                0x0010b2bc       0x50 Z:/devkitpro/libctru/lib\libctru.a(shbin.o)
                0x0010b2bc                DVLB_Free
 .text.DVLE_GetUniformRegister
                0x0010b30c       0x74 Z:/devkitpro/libctru/lib\libctru.a(shbin.o)
                0x0010b30c                DVLE_GetUniformRegister
 .text.aptConvertScreenForCapture
                0x0010b380      0x180 Z:/devkitpro/libctru/lib\libctru.a(apt.o)
 .text.aptDspSleep
                0x0010b500        0x8 Z:/devkitpro/libctru/lib\libctru.a(apt.o)
                0x0010b500                aptDspSleep
 .text.aptDspWakeup
                0x0010b508        0x4 Z:/devkitpro/libctru/lib\libctru.a(apt.o)
                0x0010b508                aptDspWakeup
 .text.aptDspCancel
                0x0010b50c        0x4 Z:/devkitpro/libctru/lib\libctru.a(apt.o)
                0x0010b50c                aptDspCancel
 .text.aptSendCommand
                0x0010b510      0x138 Z:/devkitpro/libctru/lib\libctru.a(apt.o)
                0x0010b510                aptSendCommand
 .text.aptExitProcess
                0x0010b648       0x44 Z:/devkitpro/libctru/lib\libctru.a(apt.o)
 .text.aptExit  0x0010b68c      0x394 Z:/devkitpro/libctru/lib\libctru.a(apt.o)
                0x0010b68c                aptExit
 .text.aptHandleSleep
                0x0010ba20       0xd8 Z:/devkitpro/libctru/lib\libctru.a(apt.o)
                0x0010ba20                aptHandleSleep
 .text.aptHook  0x0010baf8       0x34 Z:/devkitpro/libctru/lib\libctru.a(apt.o)
                0x0010baf8                aptHook
 .text.aptUnhook
                0x0010bb2c       0x30 Z:/devkitpro/libctru/lib\libctru.a(apt.o)
                0x0010bb2c                aptUnhook
 .text.APT_SleepIfShellClosed
                0x0010bb5c       0x84 Z:/devkitpro/libctru/lib\libctru.a(apt.o)
                0x0010bb5c                APT_SleepIfShellClosed
 .text.aptSetSleepAllowed
                0x0010bbe0       0x78 Z:/devkitpro/libctru/lib\libctru.a(apt.o)
                0x0010bbe0                aptSetSleepAllowed
 .text.APT_UnlockTransition
                0x0010bc58       0x84 Z:/devkitpro/libctru/lib\libctru.a(apt.o)
                0x0010bc58                APT_UnlockTransition
 *fill*         0x0010bcdc        0x4 
 .text.aptEventHandler
                0x0010bce0      0x470 Z:/devkitpro/libctru/lib\libctru.a(apt.o)
 .text.APT_ReceiveParameter
                0x0010c150       0xbc Z:/devkitpro/libctru/lib\libctru.a(apt.o)
                0x0010c150                APT_ReceiveParameter
 .text.aptReceiveParameter.constprop.0
                0x0010c20c       0xb0 Z:/devkitpro/libctru/lib\libctru.a(apt.o)
 *fill*         0x0010c2bc        0x4 
 .text.aptScreenTransfer
                0x0010c2c0      0x294 Z:/devkitpro/libctru/lib\libctru.a(apt.o)
 .text.aptWaitForWakeUp.isra.0
                0x0010c554      0x2d0 Z:/devkitpro/libctru/lib\libctru.a(apt.o)
 .text.aptJumpToHomeMenu
                0x0010c824       0xf4 Z:/devkitpro/libctru/lib\libctru.a(apt.o)
                0x0010c824                aptJumpToHomeMenu
 .text.aptMainLoop
                0x0010c918       0x58 Z:/devkitpro/libctru/lib\libctru.a(apt.o)
                0x0010c918                aptMainLoop
 .text.aptInit  0x0010c970      0x240 Z:/devkitpro/libctru/lib\libctru.a(apt.o)
                0x0010c970                aptInit
 .text.APT_CheckNew3DS
                0x0010cbb0       0x90 Z:/devkitpro/libctru/lib\libctru.a(apt.o)
                0x0010cbb0                APT_CheckNew3DS
 .text.APT_GetSharedFont
                0x0010cc40       0x48 Z:/devkitpro/libctru/lib\libctru.a(apt.o)
                0x0010cc40                APT_GetSharedFont
 .text.fsInit   0x0010cc88      0x104 Z:/devkitpro/libctru/lib\libctru.a(fs.o)
                0x0010cc88                fsInit
 .text.fsExit   0x0010cd8c       0x3c Z:/devkitpro/libctru/lib\libctru.a(fs.o)
                0x0010cd8c                fsExit
 .text.fsExemptFromSession
                0x0010cdc8       0x68 Z:/devkitpro/libctru/lib\libctru.a(fs.o)
                0x0010cdc8                fsExemptFromSession
 .text.fsUnexemptFromSession
                0x0010ce30       0x50 Z:/devkitpro/libctru/lib\libctru.a(fs.o)
                0x0010ce30                fsUnexemptFromSession
 .text.FSUSER_OpenFile
                0x0010ce80       0xcc Z:/devkitpro/libctru/lib\libctru.a(fs.o)
                0x0010ce80                FSUSER_OpenFile
 .text.FSUSER_OpenFileDirectly
                0x0010cf4c       0xcc Z:/devkitpro/libctru/lib\libctru.a(fs.o)
                0x0010cf4c                FSUSER_OpenFileDirectly
 .text.FSUSER_DeleteFile
                0x0010d018       0xb8 Z:/devkitpro/libctru/lib\libctru.a(fs.o)
                0x0010d018                FSUSER_DeleteFile
 .text.FSUSER_RenameFile
                0x0010d0d0       0xf4 Z:/devkitpro/libctru/lib\libctru.a(fs.o)
                0x0010d0d0                FSUSER_RenameFile
 .text.FSUSER_DeleteDirectory
                0x0010d1c4       0xb8 Z:/devkitpro/libctru/lib\libctru.a(fs.o)
                0x0010d1c4                FSUSER_DeleteDirectory
 .text.FSUSER_CreateFile
                0x0010d27c       0xd0 Z:/devkitpro/libctru/lib\libctru.a(fs.o)
                0x0010d27c                FSUSER_CreateFile
 .text.FSUSER_CreateDirectory
                0x0010d34c       0xc0 Z:/devkitpro/libctru/lib\libctru.a(fs.o)
                0x0010d34c                FSUSER_CreateDirectory
 .text.FSUSER_RenameDirectory
                0x0010d40c       0xf4 Z:/devkitpro/libctru/lib\libctru.a(fs.o)
                0x0010d40c                FSUSER_RenameDirectory
 .text.FSUSER_OpenDirectory
                0x0010d500       0xb4 Z:/devkitpro/libctru/lib\libctru.a(fs.o)
                0x0010d500                FSUSER_OpenDirectory
 .text.FSUSER_OpenArchive
                0x0010d5b4       0x90 Z:/devkitpro/libctru/lib\libctru.a(fs.o)
                0x0010d5b4                FSUSER_OpenArchive
 .text.FSUSER_CloseArchive
                0x0010d644       0x8c Z:/devkitpro/libctru/lib\libctru.a(fs.o)
                0x0010d644                FSUSER_CloseArchive
 .text.FSUSER_GetSdmcArchiveResource
                0x0010d6d0       0x74 Z:/devkitpro/libctru/lib\libctru.a(fs.o)
                0x0010d6d0                FSUSER_GetSdmcArchiveResource
 .text.FSUSER_IsSdmcWritable
                0x0010d744       0x64 Z:/devkitpro/libctru/lib\libctru.a(fs.o)
                0x0010d744                FSUSER_IsSdmcWritable
 .text.FSFILE_Read
                0x0010d7a8       0x64 Z:/devkitpro/libctru/lib\libctru.a(fs.o)
                0x0010d7a8                FSFILE_Read
 .text.FSFILE_Write
                0x0010d80c       0x6c Z:/devkitpro/libctru/lib\libctru.a(fs.o)
                0x0010d80c                FSFILE_Write
 .text.FSFILE_GetSize
                0x0010d878       0x44 Z:/devkitpro/libctru/lib\libctru.a(fs.o)
                0x0010d878                FSFILE_GetSize
 .text.FSFILE_SetSize
                0x0010d8bc       0x28 Z:/devkitpro/libctru/lib\libctru.a(fs.o)
                0x0010d8bc                FSFILE_SetSize
 .text.FSFILE_Close
                0x0010d8e4       0x3c Z:/devkitpro/libctru/lib\libctru.a(fs.o)
                0x0010d8e4                FSFILE_Close
 .text.FSFILE_Flush
                0x0010d920       0x24 Z:/devkitpro/libctru/lib\libctru.a(fs.o)
                0x0010d920                FSFILE_Flush
 .text.FSDIR_Read
                0x0010d944       0x60 Z:/devkitpro/libctru/lib\libctru.a(fs.o)
                0x0010d944                FSDIR_Read
 .text.FSDIR_Close
                0x0010d9a4       0x3c Z:/devkitpro/libctru/lib\libctru.a(fs.o)
                0x0010d9a4                FSDIR_Close
 .text.gspHardwareInit
                0x0010d9e0      0xc70 Z:/devkitpro/libctru/lib\libctru.a(gspgpu.o)
 .text.gspInit  0x0010e650      0x288 Z:/devkitpro/libctru/lib\libctru.a(gspgpu.o)
                0x0010e650                gspInit
 .text.gspExit  0x0010e8d8      0x104 Z:/devkitpro/libctru/lib\libctru.a(gspgpu.o)
                0x0010e8d8                gspExit
 .text.gspHasGpuRight
                0x0010e9dc       0x10 Z:/devkitpro/libctru/lib\libctru.a(gspgpu.o)
                0x0010e9dc                gspHasGpuRight
 .text.gspPresentBuffer
                0x0010e9ec       0xa4 Z:/devkitpro/libctru/lib\libctru.a(gspgpu.o)
                0x0010e9ec                gspPresentBuffer
 .text.gspSetEventCallback
                0x0010ea90       0x30 Z:/devkitpro/libctru/lib\libctru.a(gspgpu.o)
                0x0010ea90                gspSetEventCallback
 .text.gspWaitForEvent
                0x0010eac0       0x50 Z:/devkitpro/libctru/lib\libctru.a(gspgpu.o)
                0x0010eac0                gspWaitForEvent
 .text.gspWaitForAnyEvent
                0x0010eb10       0x4c Z:/devkitpro/libctru/lib\libctru.a(gspgpu.o)
                0x0010eb10                gspWaitForAnyEvent
 .text.gspEventThreadMain
                0x0010eb5c      0x154 Z:/devkitpro/libctru/lib\libctru.a(gspgpu.o)
 .text.gspSubmitGxCommand
                0x0010ecb0      0x12c Z:/devkitpro/libctru/lib\libctru.a(gspgpu.o)
                0x0010ecb0                gspSubmitGxCommand
 .text.GSPGPU_FlushDataCache
                0x0010eddc       0x50 Z:/devkitpro/libctru/lib\libctru.a(gspgpu.o)
                0x0010eddc                GSPGPU_FlushDataCache
 .text.GSPGPU_SetLcdForceBlack
                0x0010ee2c       0x34 Z:/devkitpro/libctru/lib\libctru.a(gspgpu.o)
                0x0010ee2c                GSPGPU_SetLcdForceBlack
 .text.GSPGPU_AcquireRight
                0x0010ee60       0x84 Z:/devkitpro/libctru/lib\libctru.a(gspgpu.o)
                0x0010ee60                GSPGPU_AcquireRight
 .text.GSPGPU_ReleaseRight
                0x0010eee4       0x64 Z:/devkitpro/libctru/lib\libctru.a(gspgpu.o)
                0x0010eee4                GSPGPU_ReleaseRight
 .text.GSPGPU_ImportDisplayCaptureInfo
                0x0010ef48       0x7c Z:/devkitpro/libctru/lib\libctru.a(gspgpu.o)
                0x0010ef48                GSPGPU_ImportDisplayCaptureInfo
 .text.GSPGPU_SaveVramSysArea
                0x0010efc4       0x2c Z:/devkitpro/libctru/lib\libctru.a(gspgpu.o)
                0x0010efc4                GSPGPU_SaveVramSysArea
 .text.GSPGPU_RestoreVramSysArea
                0x0010eff0       0x2c Z:/devkitpro/libctru/lib\libctru.a(gspgpu.o)
                0x0010eff0                GSPGPU_RestoreVramSysArea
 .text.hidShouldUseIrrst
                0x0010f01c       0x24 Z:/devkitpro/libctru/lib\libctru.a(hid.o)
                0x0010f01c                hidShouldUseIrrst
 .text.hidInit  0x0010f040      0x1cc Z:/devkitpro/libctru/lib\libctru.a(hid.o)
                0x0010f040                hidInit
 .text.hidExit  0x0010f20c       0xe8 Z:/devkitpro/libctru/lib\libctru.a(hid.o)
                0x0010f20c                hidExit
 .text.hidScanInput
                0x0010f2f4      0x2a0 Z:/devkitpro/libctru/lib\libctru.a(hid.o)
                0x0010f2f4                hidScanInput
 .text.hidKeysHeld
                0x0010f594       0x10 Z:/devkitpro/libctru/lib\libctru.a(hid.o)
                0x0010f594                hidKeysHeld
 .text.hidKeysDown
                0x0010f5a4       0x10 Z:/devkitpro/libctru/lib\libctru.a(hid.o)
                0x0010f5a4                hidKeysDown
 .text.hidTouchRead
                0x0010f5b4       0x18 Z:/devkitpro/libctru/lib\libctru.a(hid.o)
                0x0010f5b4                hidTouchRead
 .text.irrstInit
                0x0010f5cc      0x1a4 Z:/devkitpro/libctru/lib\libctru.a(irrst.o)
                0x0010f5cc                irrstInit
 .text.irrstExit
                0x0010f770       0xdc Z:/devkitpro/libctru/lib\libctru.a(irrst.o)
                0x0010f770                irrstExit
 .text.irrstScanInput
                0x0010f84c       0xb4 Z:/devkitpro/libctru/lib\libctru.a(irrst.o)
                0x0010f84c                irrstScanInput
 .text.irrstKeysHeld
                0x0010f900       0x24 Z:/devkitpro/libctru/lib\libctru.a(irrst.o)
                0x0010f900                irrstKeysHeld
 .text.ptmSysmInit
                0x0010f924       0x78 Z:/devkitpro/libctru/lib\libctru.a(ptmsysm.o)
                0x0010f924                ptmSysmInit
 .text.ptmSysmExit
                0x0010f99c       0x3c Z:/devkitpro/libctru/lib\libctru.a(ptmsysm.o)
                0x0010f99c                ptmSysmExit
 .text.PTMSYSM_ConfigureNew3DSCPU
                0x0010f9d8       0x34 Z:/devkitpro/libctru/lib\libctru.a(ptmsysm.o)
                0x0010f9d8                PTMSYSM_ConfigureNew3DSCPU
 .text.buffer_read
                0x0010fa0c       0xe0 Z:/devkitpro/libctru/lib\libctru.a(decompress.o)
 .text.iov_read
                0x0010faec       0xcc Z:/devkitpro/libctru/lib\libctru.a(decompress.o)
 .text.iov_memmove
                0x0010fbb8      0x164 Z:/devkitpro/libctru/lib\libctru.a(decompress.o)
 .text.decompress_rle
                0x0010fd1c      0x1e0 Z:/devkitpro/libctru/lib\libctru.a(decompress.o)
 .text.decompress_lzss
                0x0010fefc      0x264 Z:/devkitpro/libctru/lib\libctru.a(decompress.o)
 .text.decompress_lz11
                0x00110160      0x418 Z:/devkitpro/libctru/lib\libctru.a(decompress.o)
 .text.decompress_huff.isra.0
                0x00110578      0x33c Z:/devkitpro/libctru/lib\libctru.a(decompress.o)
 .text.decompressCallback_Stdio
                0x001108b4       0x10 Z:/devkitpro/libctru/lib\libctru.a(decompress.o)
                0x001108b4                decompressCallback_Stdio
 .text.decompressHeader
                0x001108c4       0xe4 Z:/devkitpro/libctru/lib\libctru.a(decompress.o)
                0x001108c4                decompressHeader
 .text.decompressV
                0x001109a8      0x21c Z:/devkitpro/libctru/lib\libctru.a(decompress.o)
                0x001109a8                decompressV
 .text.rbtree_find
                0x00110bc4       0x74 Z:/devkitpro/libctru/lib\libctru.a(rbtree_find.o)
                0x00110bc4                rbtree_find
 .text.rbtree_init
                0x00110c38       0x10 Z:/devkitpro/libctru/lib\libctru.a(rbtree_init.o)
                0x00110c38                rbtree_init
 .text.do_insert
                0x00110c48      0x198 Z:/devkitpro/libctru/lib\libctru.a(rbtree_insert.o)
 .text.rbtree_insert
                0x00110de0        0x8 Z:/devkitpro/libctru/lib\libctru.a(rbtree_insert.o)
                0x00110de0                rbtree_insert
 .text.rbtree_remove
                0x00110de8      0x310 Z:/devkitpro/libctru/lib\libctru.a(rbtree_remove.o)
                0x00110de8                rbtree_remove
 .text.rbtree_rotate
                0x001110f8       0x90 Z:/devkitpro/libctru/lib\libctru.a(rbtree_rotate.o)
                0x001110f8                rbtree_rotate
 .text.decode_utf8
                0x00111188      0x140 Z:/devkitpro/libctru/lib\libctru.a(decode_utf8.o)
                0x00111188                decode_utf8
 .text.utf16_to_utf8
                0x001112c8       0xe8 Z:/devkitpro/libctru/lib\libctru.a(utf16_to_utf8.o)
                0x001112c8                utf16_to_utf8
 .text.utf8_to_utf16
                0x001113b0       0xc0 Z:/devkitpro/libctru/lib\libctru.a(utf8_to_utf16.o)
                0x001113b0                utf8_to_utf16
 .text.__system_allocateHeaps
                0x00111470      0x1e8 Z:/devkitpro/libctru/lib\libctru.a(allocateHeaps.o)
                0x00111470                __system_allocateHeaps
 .text.__libctru_init
                0x00111658       0x38 Z:/devkitpro/libctru/lib\libctru.a(ctru_init.o)
                0x00111658                __libctru_init
 .text.__system_initArgv
                0x00111690      0x16c Z:/devkitpro/libctru/lib\libctru.a(initArgv.o)
                0x00111690                __system_initArgv
 .text.__syscall_getreent
                0x001117fc       0x30 Z:/devkitpro/libctru/lib\libctru.a(syscalls.o)
                0x001117fc                __syscall_getreent
 .text.__syscall_gettod_r
                0x0011182c       0x64 Z:/devkitpro/libctru/lib\libctru.a(syscalls.o)
                0x0011182c                __syscall_gettod_r
 .text.__syscall_lock_acquire
                0x00111890        0x4 Z:/devkitpro/libctru/lib\libctru.a(syscalls.o)
                0x00111890                __syscall_lock_acquire
 .text.__syscall_lock_release
                0x00111894        0x4 Z:/devkitpro/libctru/lib\libctru.a(syscalls.o)
                0x00111894                __syscall_lock_release
 .text.__syscall_lock_acquire_recursive
                0x00111898        0x4 Z:/devkitpro/libctru/lib\libctru.a(syscalls.o)
                0x00111898                __syscall_lock_acquire_recursive
 .text.__syscall_lock_release_recursive
                0x0011189c        0x4 Z:/devkitpro/libctru/lib\libctru.a(syscalls.o)
                0x0011189c                __syscall_lock_release_recursive
 .text.__syscall_exit
                0x001118a0        0x4 Z:/devkitpro/libctru/lib\libctru.a(syscalls.o)
                0x001118a0                __syscall_exit
 .text.initThreadVars
                0x001118a4       0x54 Z:/devkitpro/libctru/lib\libctru.a(syscalls.o)
                0x001118a4                initThreadVars
 .text.__system_initSyscalls
                0x001118f8       0x80 Z:/devkitpro/libctru/lib\libctru.a(syscalls.o)
                0x001118f8                __system_initSyscalls
 .text.svcControlMemory
                0x00111978       0x20 Z:/devkitpro/libctru/lib\libctru.a(svc.o)
                0x00111978                svcControlMemory
 .text.svcQueryMemory
                0x00111998       0x30 Z:/devkitpro/libctru/lib\libctru.a(svc.o)
                0x00111998                svcQueryMemory
 .text.svcExitProcess
                0x001119c8        0x8 Z:/devkitpro/libctru/lib\libctru.a(svc.o)
                0x001119c8                svcExitProcess
 .text.svcCreateThread
                0x001119d0       0x20 Z:/devkitpro/libctru/lib\libctru.a(svc.o)
                0x001119d0                svcCreateThread
 .text.svcExitThread
                0x001119f0        0x8 Z:/devkitpro/libctru/lib\libctru.a(svc.o)
                0x001119f0                svcExitThread
 .text.svcSleepThread
                0x001119f8        0x8 Z:/devkitpro/libctru/lib\libctru.a(svc.o)
                0x001119f8                svcSleepThread
 .text.svcReleaseMutex
                0x00111a00        0x8 Z:/devkitpro/libctru/lib\libctru.a(svc.o)
                0x00111a00                svcReleaseMutex
 .text.svcCreateEvent
                0x00111a08       0x14 Z:/devkitpro/libctru/lib\libctru.a(svc.o)
                0x00111a08                svcCreateEvent
 .text.svcSignalEvent
                0x00111a1c        0x8 Z:/devkitpro/libctru/lib\libctru.a(svc.o)
                0x00111a1c                svcSignalEvent
 .text.svcClearEvent
                0x00111a24        0x8 Z:/devkitpro/libctru/lib\libctru.a(svc.o)
                0x00111a24                svcClearEvent
 .text.svcMapMemoryBlock
                0x00111a2c        0x8 Z:/devkitpro/libctru/lib\libctru.a(svc.o)
                0x00111a2c                svcMapMemoryBlock
 .text.svcUnmapMemoryBlock
                0x00111a34        0x8 Z:/devkitpro/libctru/lib\libctru.a(svc.o)
                0x00111a34                svcUnmapMemoryBlock
 .text.svcCreateAddressArbiter
                0x00111a3c       0x14 Z:/devkitpro/libctru/lib\libctru.a(svc.o)
                0x00111a3c                svcCreateAddressArbiter
 .text.svcArbitrateAddressNoTimeout
                0x00111a50        0x8 Z:/devkitpro/libctru/lib\libctru.a(svc.o)
                0x00111a50                svcArbitrateAddressNoTimeout
 .text.svcCloseHandle
                0x00111a58        0x8 Z:/devkitpro/libctru/lib\libctru.a(svc.o)
                0x00111a58                svcCloseHandle
 .text.svcWaitSynchronization
                0x00111a60        0x8 Z:/devkitpro/libctru/lib\libctru.a(svc.o)
                0x00111a60                svcWaitSynchronization
 .text.svcWaitSynchronizationN
                0x00111a68       0x28 Z:/devkitpro/libctru/lib\libctru.a(svc.o)
                0x00111a68                svcWaitSynchronizationN
 .text.svcDuplicateHandle
                0x00111a90       0x14 Z:/devkitpro/libctru/lib\libctru.a(svc.o)
                0x00111a90                svcDuplicateHandle
 .text.svcGetSystemTick
                0x00111aa4        0x8 Z:/devkitpro/libctru/lib\libctru.a(svc.o)
                0x00111aa4                svcGetSystemTick
 .text.svcConnectToPort
                0x00111aac       0x14 Z:/devkitpro/libctru/lib\libctru.a(svc.o)
                0x00111aac                svcConnectToPort
 .text.svcSendSyncRequest
                0x00111ac0        0x8 Z:/devkitpro/libctru/lib\libctru.a(svc.o)
                0x00111ac0                svcSendSyncRequest
 .text.svcGetResourceLimit
                0x00111ac8       0x14 Z:/devkitpro/libctru/lib\libctru.a(svc.o)
                0x00111ac8                svcGetResourceLimit
 .text.svcGetResourceLimitLimitValues
                0x00111adc        0x8 Z:/devkitpro/libctru/lib\libctru.a(svc.o)
                0x00111adc                svcGetResourceLimitLimitValues
 .text.svcGetResourceLimitCurrentValues
                0x00111ae4        0x8 Z:/devkitpro/libctru/lib\libctru.a(svc.o)
                0x00111ae4                svcGetResourceLimitCurrentValues
 .text.svcBreak
                0x00111aec        0x8 Z:/devkitpro/libctru/lib\libctru.a(svc.o)
                0x00111aec                svcBreak
 .text.__aeabi_read_tp
                0x00111af4        0xc Z:/devkitpro/libctru/lib\libctru.a(readtp.o)
                0x00111af4                __aeabi_read_tp
 .text.initSystem
                0x00111b00       0x50 Z:/devkitpro/libctru/lib\libctru.a(stack_adjust.o)
                0x00111b00                initSystem
 .text.__ctru_exit
                0x00111b50       0x14 Z:/devkitpro/libctru/lib\libctru.a(stack_adjust.o)
                0x00111b50                __ctru_exit
 .text.envGetHandle
                0x00111b64       0x8c Z:/devkitpro/libctru/lib\libctru.a(env.o)
                0x00111b64                envGetHandle
 .text.envDestroyHandles
                0x00111bf0       0x50 Z:/devkitpro/libctru/lib\libctru.a(env.o)
                0x00111bf0                envDestroyHandles
 .text.srvInit  0x00111c40      0x164 Z:/devkitpro/libctru/lib\libctru.a(srv.o)
                0x00111c40                srvInit
 .text.srvExit  0x00111da4       0x64 Z:/devkitpro/libctru/lib\libctru.a(srv.o)
                0x00111da4                srvExit
 .text.srvEnableNotification
                0x00111e08       0x60 Z:/devkitpro/libctru/lib\libctru.a(srv.o)
                0x00111e08                srvEnableNotification
 .text.srvGetServiceHandleDirect
                0x00111e68       0xa0 Z:/devkitpro/libctru/lib\libctru.a(srv.o)
                0x00111e68                srvGetServiceHandleDirect
 .text.srvGetServiceHandle
                0x00111f08       0x48 Z:/devkitpro/libctru/lib\libctru.a(srv.o)
                0x00111f08                srvGetServiceHandle
 .text.srvSubscribe
                0x00111f50       0x34 Z:/devkitpro/libctru/lib\libctru.a(srv.o)
                0x00111f50                srvSubscribe
 .text.srvReceiveNotification
                0x00111f84       0x60 Z:/devkitpro/libctru/lib\libctru.a(srv.o)
                0x00111f84                srvReceiveNotification
 .text.srvPublishToSubscriber
                0x00111fe4       0x38 Z:/devkitpro/libctru/lib\libctru.a(srv.o)
                0x00111fe4                srvPublishToSubscriber
 .text.__sync_init
                0x0011201c        0xc Z:/devkitpro/libctru/lib\libctru.a(synchronization.o)
                0x0011201c                __sync_init
 .text.__sync_fini
                0x00112028       0x18 Z:/devkitpro/libctru/lib\libctru.a(synchronization.o)
                0x00112028                __sync_fini
 .text.syncArbitrateAddress
                0x00112040       0x28 Z:/devkitpro/libctru/lib\libctru.a(synchronization.o)
                0x00112040                syncArbitrateAddress
 .text.LightLock_Lock
                0x00112068       0xac Z:/devkitpro/libctru/lib\libctru.a(synchronization.o)
                0x00112068                LightLock_Lock
 .text.LightLock_Unlock
                0x00112114       0x40 Z:/devkitpro/libctru/lib\libctru.a(synchronization.o)
                0x00112114                LightLock_Unlock
 .text.RecursiveLock_Lock
                0x00112154       0x54 Z:/devkitpro/libctru/lib\libctru.a(synchronization.o)
                0x00112154                RecursiveLock_Lock
 .text.RecursiveLock_Unlock
                0x001121a8       0x54 Z:/devkitpro/libctru/lib\libctru.a(synchronization.o)
                0x001121a8                RecursiveLock_Unlock
 .text.LightEvent_Init
                0x001121fc       0x44 Z:/devkitpro/libctru/lib\libctru.a(synchronization.o)
                0x001121fc                LightEvent_Init
 .text.LightEvent_Clear
                0x00112240       0xb8 Z:/devkitpro/libctru/lib\libctru.a(synchronization.o)
                0x00112240                LightEvent_Clear
 .text.LightEvent_Signal
                0x001122f8       0xdc Z:/devkitpro/libctru/lib\libctru.a(synchronization.o)
                0x001122f8                LightEvent_Signal
 .text.LightEvent_TryWait
                0x001123d4       0x50 Z:/devkitpro/libctru/lib\libctru.a(synchronization.o)
                0x001123d4                LightEvent_TryWait
 .text.LightEvent_Wait
                0x00112424       0xac Z:/devkitpro/libctru/lib\libctru.a(synchronization.o)
                0x00112424                LightEvent_Wait
 .text.threadCreate
                0x001124d0      0x1fc Z:/devkitpro/libctru/lib\libctru.a(thread.o)
                0x001124d0                threadCreate
 .text.threadFree
                0x001126cc       0x38 Z:/devkitpro/libctru/lib\libctru.a(thread.o)
                0x001126cc                threadFree
 .text.threadJoin
                0x00112704       0x24 Z:/devkitpro/libctru/lib\libctru.a(thread.o)
                0x00112704                threadJoin
 .text.threadGetCurrent
                0x00112728       0x30 Z:/devkitpro/libctru/lib\libctru.a(thread.o)
                0x00112728                threadGetCurrent
 .text.threadExit
                0x00112758       0x40 Z:/devkitpro/libctru/lib\libctru.a(thread.o)
                0x00112758                threadExit
 .text._thread_begin
                0x00112798       0x20 Z:/devkitpro/libctru/lib\libctru.a(thread.o)
 .text.mappableFindAddressWithin
                0x001127b8       0x90 Z:/devkitpro/libctru/lib\libctru.a(mappable.o)
 .text.mappableInit
                0x00112848       0x28 Z:/devkitpro/libctru/lib\libctru.a(mappable.o)
                0x00112848                mappableInit
 .text.mappableAlloc
                0x00112870       0x7c Z:/devkitpro/libctru/lib\libctru.a(mappable.o)
                0x00112870                mappableAlloc
 .text.mappableFree
                0x001128ec        0x4 Z:/devkitpro/libctru/lib\libctru.a(mappable.o)
                0x001128ec                mappableFree
 .text.srvPmGetSessionHandle
                0x001128f0        0xc Z:/devkitpro/libctru/lib\libctru.a(srvpm.o)
                0x001128f0                srvPmGetSessionHandle
 .text.rbtree_node_next
                0x001128fc       0x60 Z:/devkitpro/libctru/lib\libctru.a(rbtree_iterator.o)
                0x001128fc                rbtree_node_next
 .text.decode_utf16
                0x0011295c       0x54 Z:/devkitpro/libctru/lib\libctru.a(decode_utf16.o)
                0x0011295c                decode_utf16
 .text.encode_utf16
                0x001129b0       0x54 Z:/devkitpro/libctru/lib\libctru.a(encode_utf16.o)
                0x001129b0                encode_utf16
 .text.encode_utf8
                0x00112a04       0xe0 Z:/devkitpro/libctru/lib\libctru.a(encode_utf8.o)
                0x00112a04                encode_utf8
 .text.__appExit
                0x00112ae4       0x30 Z:/devkitpro/libctru/lib\libctru.a(appExit.o)
                0x00112ae4                __appExit
 .text.__appInit
                0x00112b14       0x30 Z:/devkitpro/libctru/lib\libctru.a(appInit.o)
                0x00112b14                __appInit
 .text.__libctru_exit
                0x00112b44       0x90 Z:/devkitpro/libctru/lib\libctru.a(ctru_exit.o)
                0x00112b44                __libctru_exit
 .text.error_cmp
                0x00112bd4       0x24 Z:/devkitpro/libctru/lib\libctru.a(archive_dev.o)
 .text.archive_translate_error
                0x00112bf8       0x50 Z:/devkitpro/libctru/lib\libctru.a(archive_dev.o)
 .text.archive_seek
                0x00112c48       0xc0 Z:/devkitpro/libctru/lib\libctru.a(archive_dev.o)
 .text._archiveInit.part.0
                0x00112d08       0x78 Z:/devkitpro/libctru/lib\libctru.a(archive_dev.o)
 .text.archiveFindDevice.part.0
                0x00112d80      0x110 Z:/devkitpro/libctru/lib\libctru.a(archive_dev.o)
 .text.archive_utf16path
                0x00112e90      0x298 Z:/devkitpro/libctru/lib\libctru.a(archive_dev.o)
 .text._archiveUnmountDeviceStruct.part.0
                0x00113128       0x98 Z:/devkitpro/libctru/lib\libctru.a(archive_dev.o)
 .text._archiveMountDevice
                0x001131c0      0x178 Z:/devkitpro/libctru/lib\libctru.a(archive_dev.o)
 .text.archive_diropen
                0x00113338       0xf8 Z:/devkitpro/libctru/lib\libctru.a(archive_dev.o)
 .text.archive_fstat
                0x00113430       0xac Z:/devkitpro/libctru/lib\libctru.a(archive_dev.o)
 .text.archive_fsync
                0x001134dc       0x74 Z:/devkitpro/libctru/lib\libctru.a(archive_dev.o)
 .text.archive_close
                0x00113550       0x74 Z:/devkitpro/libctru/lib\libctru.a(archive_dev.o)
 .text.archive_dirclose
                0x001135c4       0x78 Z:/devkitpro/libctru/lib\libctru.a(archive_dev.o)
 .text.sdmc_statvfs
                0x0011363c       0xec Z:/devkitpro/libctru/lib\libctru.a(archive_dev.o)
 .text.archive_chdir
                0x00113728       0xf8 Z:/devkitpro/libctru/lib\libctru.a(archive_dev.o)
 .text.archive_ftruncate
                0x00113820       0x8c Z:/devkitpro/libctru/lib\libctru.a(archive_dev.o)
 .text.archive_read
                0x001138ac       0xbc Z:/devkitpro/libctru/lib\libctru.a(archive_dev.o)
 .text.archive_unlink
                0x00113968       0xa8 Z:/devkitpro/libctru/lib\libctru.a(archive_dev.o)
 .text.archive_rmdir
                0x00113a10       0xc0 Z:/devkitpro/libctru/lib\libctru.a(archive_dev.o)
 .text.archive_mkdir
                0x00113ad0       0xd8 Z:/devkitpro/libctru/lib\libctru.a(archive_dev.o)
 .text.archive_stat
                0x00113ba8      0x1a0 Z:/devkitpro/libctru/lib\libctru.a(archive_dev.o)
 .text.archive_dirnext
                0x00113d48      0x164 Z:/devkitpro/libctru/lib\libctru.a(archive_dev.o)
 .text.archive_write
                0x00113eac      0x13c Z:/devkitpro/libctru/lib\libctru.a(archive_dev.o)
 .text.archive_open
                0x00113fe8      0x254 Z:/devkitpro/libctru/lib\libctru.a(archive_dev.o)
 .text.archive_rename
                0x0011423c      0x270 Z:/devkitpro/libctru/lib\libctru.a(archive_dev.o)
 .text.archiveMountSdmc
                0x001144ac      0x1c8 Z:/devkitpro/libctru/lib\libctru.a(archive_dev.o)
                0x001144ac                archiveMountSdmc
 .text.archiveUnmountAll
                0x00114674       0x54 Z:/devkitpro/libctru/lib\libctru.a(archive_dev.o)
                0x00114674                archiveUnmountAll
 .text.sinf     0x001146c8      0x264 Z:/devkitpro/devkitARM/bin/../lib/gcc/arm-none-eabi/16.1.0/../../../../arm-none-eabi/lib/armv6k/fpu\libm.a(libm_a-sinf.o)
                0x001146c8                sinf
 .text.with_errnof
                0x0011492c       0x24 Z:/devkitpro/devkitARM/bin/../lib/gcc/arm-none-eabi/16.1.0/../../../../arm-none-eabi/lib/armv6k/fpu\libm.a(libm_a-math_errf.o)
 .text.__math_invalidf
                0x00114950       0x1c Z:/devkitpro/devkitARM/bin/../lib/gcc/arm-none-eabi/16.1.0/../../../../arm-none-eabi/lib/armv6k/fpu\libm.a(libm_a-math_errf.o)
                0x00114950                __math_invalidf
 .text.ceilf    0x0011496c       0xc0 Z:/devkitpro/devkitARM/bin/../lib/gcc/arm-none-eabi/16.1.0/../../../../arm-none-eabi/lib/armv6k/fpu\libm.a(libm_a-sf_ceil.o)
                0x0011496c                ceilf
 *fill*         0x00114a2c        0x4 
 .text.cosf     0x00114a30      0x25c Z:/devkitpro/devkitARM/bin/../lib/gcc/arm-none-eabi/16.1.0/../../../../arm-none-eabi/lib/armv6k/fpu\libm.a(libm_a-cosf.o)
                0x00114a30                cosf
 .text.__udivmoddi4
                0x00114c8c      0x130 Z:/devkitpro/devkitARM/bin/../lib/gcc/arm-none-eabi/16.1.0/armv6k/fpu\libgcc.a(_udivmoddi4.o)
                0x00114c8c                __udivmoddi4
 .text.strncat  0x00114dbc       0xe4 Z:/devkitpro/devkitARM/bin/../lib/gcc/arm-none-eabi/16.1.0/../../../../arm-none-eabi/lib/armv6k/fpu\libg.a(libc_a-strncat.o)
                0x00114dbc                strncat
 .text.memcpy   0x00114ea0      0x128 Z:/devkitpro/devkitARM/bin/../lib/gcc/arm-none-eabi/16.1.0/../../../../arm-none-eabi/lib/armv6k/fpu\libg.a(libc_a-memcpy-stub.o)
                0x00114ea0                memcpy
 .text.strlen   0x00114fc8       0x8c Z:/devkitpro/devkitARM/bin/../lib/gcc/arm-none-eabi/16.1.0/../../../../arm-none-eabi/lib/armv6k/fpu\libg.a(libc_a-strlen.o)
                0x00114fc8                strlen
 .text._fread_r
                0x00115054      0x334 Z:/devkitpro/devkitARM/bin/../lib/gcc/arm-none-eabi/16.1.0/../../../../arm-none-eabi/lib/armv6k/fpu\libg.a(libc_a-fread.o)
                0x00115054                _fread_r
 .text.fread    0x00115388       0x38 Z:/devkitpro/devkitARM/bin/../lib/gcc/arm-none-eabi/16.1.0/../../../../arm-none-eabi/lib/armv6k/fpu\libg.a(libc_a-fread.o)
                0x00115388                fread
 .text.bsearch  0x001153c0       0x78 Z:/devkitpro/devkitARM/bin/../lib/gcc/arm-none-eabi/16.1.0/../../../../arm-none-eabi/lib/armv6k/fpu\libg.a(libc_a-bsearch.o)
                0x001153c0                bsearch
 .text._fopen_r
                0x00115438      0x134 Z:/devkitpro/devkitARM/bin/../lib/gcc/arm-none-eabi/16.1.0/../../../../arm-none-eabi/lib/armv6k/fpu\libg.a(libc_a-fopen.o)
                0x00115438                _fopen_r
 .text.fopen    0x0011556c       0x28 Z:/devkitpro/devkitARM/bin/../lib/gcc/arm-none-eabi/16.1.0/../../../../arm-none-eabi/lib/armv6k/fpu\libg.a(libc_a-fopen.o)
                0x0011556c                fopen
 .text.memalign
                0x00115594       0x28 Z:/devkitpro/devkitARM/bin/../lib/gcc/arm-none-eabi/16.1.0/../../../../arm-none-eabi/lib/armv6k/fpu\libg.a(libc_a-malign.o)
                0x00115594                memalign
 .text.snprintf
                0x001155bc       0xa0 Z:/devkitpro/devkitARM/bin/../lib/gcc/arm-none-eabi/16.1.0/../../../../arm-none-eabi/lib/armv6k/fpu\libg.a(libc_a-snprintf.o)
                0x001155bc                snprintf
 .text._strtoul_l.isra.0
                0x0011565c      0x1ec Z:/devkitpro/devkitARM/bin/../lib/gcc/arm-none-eabi/16.1.0/../../../../arm-none-eabi/lib/armv6k/fpu\libg.a(libc_a-strtoul.o)
 .text.strtoul  0x00115848       0x3c Z:/devkitpro/devkitARM/bin/../lib/gcc/arm-none-eabi/16.1.0/../../../../arm-none-eabi/lib/armv6k/fpu\libg.a(libc_a-strtoul.o)
                0x00115848                strtoul
 .text.strchr   0x00115884      0x140 Z:/devkitpro/devkitARM/bin/../lib/gcc/arm-none-eabi/16.1.0/../../../../arm-none-eabi/lib/armv6k/fpu\libg.a(libc_a-strchr.o)
                0x00115884                strchr
 .text.memcmp   0x001159c4       0xd8 Z:/devkitpro/devkitARM/bin/../lib/gcc/arm-none-eabi/16.1.0/../../../../arm-none-eabi/lib/armv6k/fpu\libg.a(libc_a-memcmp.o)
                0x001159c4                memcmp
 .text.calloc   0x00115a9c       0x28 Z:/devkitpro/devkitARM/bin/../lib/gcc/arm-none-eabi/16.1.0/../../../../arm-none-eabi/lib/armv6k/fpu\libg.a(libc_a-calloc.o)
                0x00115a9c                calloc
 .text._memalign_r
                0x00115ac4      0x16c Z:/devkitpro/devkitARM/bin/../lib/gcc/arm-none-eabi/16.1.0/../../../../arm-none-eabi/lib/armv6k/fpu\libg.a(libc_a-malignr.o)
                0x00115ac4                _memalign_r
 .text.__errno  0x00115c30        0xc Z:/devkitpro/devkitARM/bin/../lib/gcc/arm-none-eabi/16.1.0/../../../../arm-none-eabi/lib/armv6k/fpu\libg.a(libc_a-errno.o)
                0x00115c30                __errno
 .text.__smakebuf_r
                0x00115c3c      0x164 Z:/devkitpro/devkitARM/bin/../lib/gcc/arm-none-eabi/16.1.0/../../../../arm-none-eabi/lib/armv6k/fpu\libg.a(libc_a-makebuf.o)
                0x00115c3c                __smakebuf_r
 .text.__swhatbuf_r
                0x00115da0       0x90 Z:/devkitpro/devkitARM/bin/../lib/gcc/arm-none-eabi/16.1.0/../../../../arm-none-eabi/lib/armv6k/fpu\libg.a(libc_a-makebuf.o)
                0x00115da0                __swhatbuf_r
 .text.memset   0x00115e30       0xe4 Z:/devkitpro/devkitARM/bin/../lib/gcc/arm-none-eabi/16.1.0/../../../../arm-none-eabi/lib/armv6k/fpu\libg.a(libc_a-memset.o)
                0x00115e30                memset
 .text._calloc_r
                0x00115f14       0xd8 Z:/devkitpro/devkitARM/bin/../lib/gcc/arm-none-eabi/16.1.0/../../../../arm-none-eabi/lib/armv6k/fpu\libg.a(libc_a-callocr.o)
                0x00115f14                _calloc_r
 .text.__sflush_r
                0x00115fec      0x22c Z:/devkitpro/devkitARM/bin/../lib/gcc/arm-none-eabi/16.1.0/../../../../arm-none-eabi/lib/armv6k/fpu\libg.a(libc_a-fflush.o)
                0x00115fec                __sflush_r
 .text._fflush_r
                0x00116218       0xc4 Z:/devkitpro/devkitARM/bin/../lib/gcc/arm-none-eabi/16.1.0/../../../../arm-none-eabi/lib/armv6k/fpu\libg.a(libc_a-fflush.o)
                0x00116218                _fflush_r
 .text.qsort    0x001162dc      0x8e8 Z:/devkitpro/devkitARM/bin/../lib/gcc/arm-none-eabi/16.1.0/../../../../arm-none-eabi/lib/armv6k/fpu\libg.a(libc_a-qsort.o)
                0x001162dc                qsort
 .text._malloc_r
                0x00116bc4      0x82c Z:/devkitpro/devkitARM/bin/../lib/gcc/arm-none-eabi/16.1.0/../../../../arm-none-eabi/lib/armv6k/fpu\libg.a(libc_a-mallocr.o)
                0x00116bc4                _malloc_r
 .text._malloc_trim_r
                0x001173f0      0x114 Z:/devkitpro/devkitARM/bin/../lib/gcc/arm-none-eabi/16.1.0/../../../../arm-none-eabi/lib/armv6k/fpu\libg.a(libc_a-freer.o)
                0x001173f0                _malloc_trim_r
 .text._free_r  0x00117504      0x314 Z:/devkitpro/devkitARM/bin/../lib/gcc/arm-none-eabi/16.1.0/../../../../arm-none-eabi/lib/armv6k/fpu\libg.a(libc_a-freer.o)
                0x00117504                _free_r
 .text.setvbuf  0x00117818      0x294 Z:/devkitpro/devkitARM/bin/../lib/gcc/arm-none-eabi/16.1.0/../../../../arm-none-eabi/lib/armv6k/fpu\libg.a(libc_a-setvbuf.o)
                0x00117818                setvbuf
 .text.stdio_exit_handler
                0x00117aac       0x1c Z:/devkitpro/devkitARM/bin/../lib/gcc/arm-none-eabi/16.1.0/../../../../arm-none-eabi/lib/armv6k/fpu\libg.a(libc_a-findfp.o)
 .text.cleanup_stdio
                0x00117ac8       0x5c Z:/devkitpro/devkitARM/bin/../lib/gcc/arm-none-eabi/16.1.0/../../../../arm-none-eabi/lib/armv6k/fpu\libg.a(libc_a-findfp.o)
 .text.global_stdio_init.part.0
                0x00117b24      0x154 Z:/devkitpro/devkitARM/bin/../lib/gcc/arm-none-eabi/16.1.0/../../../../arm-none-eabi/lib/armv6k/fpu\libg.a(libc_a-findfp.o)
 .text.__sfp    0x00117c78      0x138 Z:/devkitpro/devkitARM/bin/../lib/gcc/arm-none-eabi/16.1.0/../../../../arm-none-eabi/lib/armv6k/fpu\libg.a(libc_a-findfp.o)
                0x00117c78                __sfp
 .text.__sinit  0x00117db0       0x5c Z:/devkitpro/devkitARM/bin/../lib/gcc/arm-none-eabi/16.1.0/../../../../arm-none-eabi/lib/armv6k/fpu\libg.a(libc_a-findfp.o)
                0x00117db0                __sinit
 .text.__sfp_lock_acquire
                0x00117e0c        0xc Z:/devkitpro/devkitARM/bin/../lib/gcc/arm-none-eabi/16.1.0/../../../../arm-none-eabi/lib/armv6k/fpu\libg.a(libc_a-findfp.o)
                0x00117e0c                __sfp_lock_acquire
 .text.__sfp_lock_release
                0x00117e18        0xc Z:/devkitpro/devkitARM/bin/../lib/gcc/arm-none-eabi/16.1.0/../../../../arm-none-eabi/lib/armv6k/fpu\libg.a(libc_a-findfp.o)
                0x00117e18                __sfp_lock_release
 .text.__libc_init_array
                0x00117e24       0x84 Z:/devkitpro/devkitARM/bin/../lib/gcc/arm-none-eabi/16.1.0/../../../../arm-none-eabi/lib/armv6k/fpu\libg.a(libc_a-init.o)
                0x00117e24                __libc_init_array
 .text.strncpy  0x00117ea8       0xd4 Z:/devkitpro/devkitARM/bin/../lib/gcc/arm-none-eabi/16.1.0/../../../../arm-none-eabi/lib/armv6k/fpu\libg.a(libc_a-strncpy.o)
                0x00117ea8                strncpy
 .text._fseek_r
                0x00117f7c       0x1c Z:/devkitpro/devkitARM/bin/../lib/gcc/arm-none-eabi/16.1.0/../../../../arm-none-eabi/lib/armv6k/fpu\libg.a(libc_a-fseek.o)
                0x00117f7c                _fseek_r
 .text.malloc   0x00117f98       0x40 Z:/devkitpro/devkitARM/bin/../lib/gcc/arm-none-eabi/16.1.0/../../../../arm-none-eabi/lib/armv6k/fpu\libg.a(libc_a-malloc.o)
                0x00117f98                malloc
 .text.free     0x00117fd8       0x20 Z:/devkitpro/devkitARM/bin/../lib/gcc/arm-none-eabi/16.1.0/../../../../arm-none-eabi/lib/armv6k/fpu\libg.a(libc_a-malloc.o)
                0x00117fd8                free
 .text.__sread  0x00117ff8       0x44 Z:/devkitpro/devkitARM/bin/../lib/gcc/arm-none-eabi/16.1.0/../../../../arm-none-eabi/lib/armv6k/fpu\libg.a(libc_a-stdio.o)
                0x00117ff8                __sread
 .text.__swrite
                0x0011803c       0x68 Z:/devkitpro/devkitARM/bin/../lib/gcc/arm-none-eabi/16.1.0/../../../../arm-none-eabi/lib/armv6k/fpu\libg.a(libc_a-stdio.o)
                0x0011803c                __swrite
 .text.__sseek  0x001180a4       0x40 Z:/devkitpro/devkitARM/bin/../lib/gcc/arm-none-eabi/16.1.0/../../../../arm-none-eabi/lib/armv6k/fpu\libg.a(libc_a-stdio.o)
                0x001180a4                __sseek
 .text.__sclose
                0x001180e4        0x8 Z:/devkitpro/devkitARM/bin/../lib/gcc/arm-none-eabi/16.1.0/../../../../arm-none-eabi/lib/armv6k/fpu\libg.a(libc_a-stdio.o)
                0x001180e4                __sclose
 .text._realloc_r
                0x001180ec      0x4f0 Z:/devkitpro/devkitARM/bin/../lib/gcc/arm-none-eabi/16.1.0/../../../../arm-none-eabi/lib/armv6k/fpu\libg.a(libc_a-reallocr.o)
                0x001180ec                _realloc_r
 .text.__malloc_lock
                0x001185dc        0xc Z:/devkitpro/devkitARM/bin/../lib/gcc/arm-none-eabi/16.1.0/../../../../arm-none-eabi/lib/armv6k/fpu\libg.a(libc_a-mlock.o)
                0x001185dc                __malloc_lock
 .text.__malloc_unlock
                0x001185e8        0xc Z:/devkitpro/devkitARM/bin/../lib/gcc/arm-none-eabi/16.1.0/../../../../arm-none-eabi/lib/armv6k/fpu\libg.a(libc_a-mlock.o)
                0x001185e8                __malloc_unlock
 .text._fseeko_r
                0x001185f4      0x588 Z:/devkitpro/devkitARM/bin/../lib/gcc/arm-none-eabi/16.1.0/../../../../arm-none-eabi/lib/armv6k/fpu\libg.a(libc_a-fseeko.o)
                0x001185f4                _fseeko_r
 .text._fclose_r
                0x00118b7c      0x148 Z:/devkitpro/devkitARM/bin/../lib/gcc/arm-none-eabi/16.1.0/../../../../arm-none-eabi/lib/armv6k/fpu\libg.a(libc_a-fclose.o)
                0x00118b7c                _fclose_r
 .text.fclose   0x00118cc4       0x20 Z:/devkitpro/devkitARM/bin/../lib/gcc/arm-none-eabi/16.1.0/../../../../arm-none-eabi/lib/armv6k/fpu\libg.a(libc_a-fclose.o)
                0x00118cc4                fclose
 .text.time     0x00118ce4       0x48 Z:/devkitpro/devkitARM/bin/../lib/gcc/arm-none-eabi/16.1.0/../../../../arm-none-eabi/lib/armv6k/fpu\libg.a(libc_a-time.o)
                0x00118ce4                time
 .text.__call_exitprocs
                0x00118d2c        0x4 Z:/devkitpro/devkitARM/bin/../lib/gcc/arm-none-eabi/16.1.0/../../../../arm-none-eabi/lib/armv6k/fpu\libg.a(libc_a-exit.o)
                0x00118d2c                __call_exitprocs
 .text.exit     0x00118d30       0x30 Z:/devkitpro/devkitARM/bin/../lib/gcc/arm-none-eabi/16.1.0/../../../../arm-none-eabi/lib/armv6k/fpu\libg.a(libc_a-exit.o)
                0x00118d30                exit
 .text.get_arg  0x00118d60      0x5e0 Z:/devkitpro/devkitARM/bin/../lib/gcc/arm-none-eabi/16.1.0/../../../../arm-none-eabi/lib/armv6k/fpu\libg.a(libc_a-svfprintf.o)
 .text._svfprintf_r
                0x00119340     0x345c Z:/devkitpro/devkitARM/bin/../lib/gcc/arm-none-eabi/16.1.0/../../../../arm-none-eabi/lib/armv6k/fpu\libg.a(libc_a-svfprintf.o)
                0x00119340                _svfprintf_r
 .text.__sflags
                0x0011c79c       0xb8 Z:/devkitpro/devkitARM/bin/../lib/gcc/arm-none-eabi/16.1.0/../../../../arm-none-eabi/lib/armv6k/fpu\libg.a(libc_a-flags.o)
                0x0011c79c                __sflags
 .text.__libc_fini_array
                0x0011c854       0x3c Z:/devkitpro/devkitARM/bin/../lib/gcc/arm-none-eabi/16.1.0/../../../../arm-none-eabi/lib/armv6k/fpu\libg.a(libc_a-fini.o)
                0x0011c854                __libc_fini_array
 .text.strnlen  0x0011c890       0x3c Z:/devkitpro/devkitARM/bin/../lib/gcc/arm-none-eabi/16.1.0/../../../../arm-none-eabi/lib/armv6k/fpu\libg.a(libc_a-strnlen.o)
                0x0011c890                strnlen
 .text.strncmp  0x0011c8cc       0xd8 Z:/devkitpro/devkitARM/bin/../lib/gcc/arm-none-eabi/16.1.0/../../../../arm-none-eabi/lib/armv6k/fpu\libg.a(libc_a-strncmp.o)
                0x0011c8cc                strncmp
 .text.lflush   0x0011c9a4       0x38 Z:/devkitpro/devkitARM/bin/../lib/gcc/arm-none-eabi/16.1.0/../../../../arm-none-eabi/lib/armv6k/fpu\libg.a(libc_a-refill.o)
 .text.__srefill_r
                0x0011c9dc      0x1a8 Z:/devkitpro/devkitARM/bin/../lib/gcc/arm-none-eabi/16.1.0/../../../../arm-none-eabi/lib/armv6k/fpu\libg.a(libc_a-refill.o)
                0x0011c9dc                __srefill_r
 *fill*         0x0011cb84        0x4 
 .text.frexp    0x0011cb88       0x88 Z:/devkitpro/devkitARM/bin/../lib/gcc/arm-none-eabi/16.1.0/../../../../arm-none-eabi/lib/armv6k/fpu\libg.a(libm_a-s_frexp.o)
                0x0011cb88                frexp
 .text._fwalk_sglue
                0x0011cc10       0x70 Z:/devkitpro/devkitARM/bin/../lib/gcc/arm-none-eabi/16.1.0/../../../../arm-none-eabi/lib/armv6k/fpu\libg.a(libc_a-fwalk.o)
                0x0011cc10                _fwalk_sglue
 .text._wcrtomb_r
                0x0011cc80       0xa0 Z:/devkitpro/devkitARM/bin/../lib/gcc/arm-none-eabi/16.1.0/../../../../arm-none-eabi/lib/armv6k/fpu\libg.a(libc_a-wcrtomb.o)
                0x0011cc80                _wcrtomb_r
 .text.__ssprint_r
                0x0011cd20       0xa4 Z:/devkitpro/devkitARM/bin/../lib/gcc/arm-none-eabi/16.1.0/../../../../arm-none-eabi/lib/armv6k/fpu\libg.a(libc_a-ssprint_r.o)
                0x0011cd20                __ssprint_r
 .text.__locale_mb_cur_max
                0x0011cdc4       0x24 Z:/devkitpro/devkitARM/bin/../lib/gcc/arm-none-eabi/16.1.0/../../../../arm-none-eabi/lib/armv6k/fpu\libg.a(libc_a-locale.o)
                0x0011cdc4                __locale_mb_cur_max
 .text.quorem   0x0011cde8      0x1c0 Z:/devkitpro/devkitARM/bin/../lib/gcc/arm-none-eabi/16.1.0/../../../../arm-none-eabi/lib/armv6k/fpu\libg.a(libc_a-dtoa.o)
 .text._dtoa_r  0x0011cfa8     0x1420 Z:/devkitpro/devkitARM/bin/../lib/gcc/arm-none-eabi/16.1.0/../../../../arm-none-eabi/lib/armv6k/fpu\libg.a(libc_a-dtoa.o)
                0x0011cfa8                _dtoa_r
 .text.memchr   0x0011e3c8       0xe8 Z:/devkitpro/devkitARM/bin/../lib/gcc/arm-none-eabi/16.1.0/../../../../arm-none-eabi/lib/armv6k/fpu\libg.a(libc_a-memchr-stub.o)
                0x0011e3c8                memchr
 .text._wcsrtombs_r
                0x0011e4b0       0x28 Z:/devkitpro/devkitARM/bin/../lib/gcc/arm-none-eabi/16.1.0/../../../../arm-none-eabi/lib/armv6k/fpu\libg.a(libc_a-wcsrtombs.o)
                0x0011e4b0                _wcsrtombs_r
 .text._localeconv_r
                0x0011e4d8       0x24 Z:/devkitpro/devkitARM/bin/../lib/gcc/arm-none-eabi/16.1.0/../../../../arm-none-eabi/lib/armv6k/fpu\libg.a(libc_a-localeconv.o)
                0x0011e4d8                _localeconv_r
 .text.memmove  0x0011e4fc      0x1a8 Z:/devkitpro/devkitARM/bin/../lib/gcc/arm-none-eabi/16.1.0/../../../../arm-none-eabi/lib/armv6k/fpu\libg.a(libc_a-memmove.o)
                0x0011e4fc                memmove
 .text.__ssputs_r
                0x0011e6a4      0x12c Z:/devkitpro/devkitARM/bin/../lib/gcc/arm-none-eabi/16.1.0/../../../../arm-none-eabi/lib/armv6k/fpu\libg.a(libc_a-ssputs_r.o)
                0x0011e6a4                __ssputs_r
 .text.__utf8_wctomb
                0x0011e7d0       0xf8 Z:/devkitpro/devkitARM/bin/../lib/gcc/arm-none-eabi/16.1.0/../../../../arm-none-eabi/lib/armv6k/fpu\libg.a(libc_a-wctomb_r.o)
                0x0011e7d0                __utf8_wctomb
 .text._wcsnrtombs_l
                0x0011e8c8      0x15c Z:/devkitpro/devkitARM/bin/../lib/gcc/arm-none-eabi/16.1.0/../../../../arm-none-eabi/lib/armv6k/fpu\libg.a(libc_a-wcsnrtombs.o)
                0x0011e8c8                _wcsnrtombs_l
 .text._wcsnrtombs_r
                0x0011ea24       0x64 Z:/devkitpro/devkitARM/bin/../lib/gcc/arm-none-eabi/16.1.0/../../../../arm-none-eabi/lib/armv6k/fpu\libg.a(libc_a-wcsnrtombs.o)
                0x0011ea24                _wcsnrtombs_r
 .text.__assert_func
                0x0011ea88       0x5c Z:/devkitpro/devkitARM/bin/../lib/gcc/arm-none-eabi/16.1.0/../../../../arm-none-eabi/lib/armv6k/fpu\libg.a(libc_a-assert.o)
                0x0011ea88                __assert_func
 .text._Balloc  0x0011eae4       0x88 Z:/devkitpro/devkitARM/bin/../lib/gcc/arm-none-eabi/16.1.0/../../../../arm-none-eabi/lib/armv6k/fpu\libg.a(libc_a-mprec.o)
                0x0011eae4                _Balloc
 .text._Bfree   0x0011eb6c       0x1c Z:/devkitpro/devkitARM/bin/../lib/gcc/arm-none-eabi/16.1.0/../../../../arm-none-eabi/lib/armv6k/fpu\libg.a(libc_a-mprec.o)
                0x0011eb6c                _Bfree
 .text.__multadd
                0x0011eb88       0xf4 Z:/devkitpro/devkitARM/bin/../lib/gcc/arm-none-eabi/16.1.0/../../../../arm-none-eabi/lib/armv6k/fpu\libg.a(libc_a-mprec.o)
                0x0011eb88                __multadd
 .text.__hi0bits
                0x0011ec7c       0x80 Z:/devkitpro/devkitARM/bin/../lib/gcc/arm-none-eabi/16.1.0/../../../../arm-none-eabi/lib/armv6k/fpu\libg.a(libc_a-mprec.o)
                0x0011ec7c                __hi0bits
 .text.__lo0bits
                0x0011ecfc       0xf0 Z:/devkitpro/devkitARM/bin/../lib/gcc/arm-none-eabi/16.1.0/../../../../arm-none-eabi/lib/armv6k/fpu\libg.a(libc_a-mprec.o)
                0x0011ecfc                __lo0bits
 .text.__i2b    0x0011edec       0xa4 Z:/devkitpro/devkitARM/bin/../lib/gcc/arm-none-eabi/16.1.0/../../../../arm-none-eabi/lib/armv6k/fpu\libg.a(libc_a-mprec.o)
                0x0011edec                __i2b
 .text.__multiply
                0x0011ee90      0x230 Z:/devkitpro/devkitARM/bin/../lib/gcc/arm-none-eabi/16.1.0/../../../../arm-none-eabi/lib/armv6k/fpu\libg.a(libc_a-mprec.o)
                0x0011ee90                __multiply
 .text.__pow5mult
                0x0011f0c0      0x130 Z:/devkitpro/devkitARM/bin/../lib/gcc/arm-none-eabi/16.1.0/../../../../arm-none-eabi/lib/armv6k/fpu\libg.a(libc_a-mprec.o)
                0x0011f0c0                __pow5mult
 .text.__lshift
                0x0011f1f0      0x138 Z:/devkitpro/devkitARM/bin/../lib/gcc/arm-none-eabi/16.1.0/../../../../arm-none-eabi/lib/armv6k/fpu\libg.a(libc_a-mprec.o)
                0x0011f1f0                __lshift
 .text.__mcmp   0x0011f328       0x58 Z:/devkitpro/devkitARM/bin/../lib/gcc/arm-none-eabi/16.1.0/../../../../arm-none-eabi/lib/armv6k/fpu\libg.a(libc_a-mprec.o)
                0x0011f328                __mcmp
 .text.__mdiff  0x0011f380      0x218 Z:/devkitpro/devkitARM/bin/../lib/gcc/arm-none-eabi/16.1.0/../../../../arm-none-eabi/lib/armv6k/fpu\libg.a(libc_a-mprec.o)
                0x0011f380                __mdiff
 .text.__d2b    0x0011f598      0x120 Z:/devkitpro/devkitARM/bin/../lib/gcc/arm-none-eabi/16.1.0/../../../../arm-none-eabi/lib/armv6k/fpu\libg.a(libc_a-mprec.o)
                0x0011f598                __d2b
 .text.__utf8_mbtowc
                0x0011f6b8      0x340 Z:/devkitpro/devkitARM/bin/../lib/gcc/arm-none-eabi/16.1.0/../../../../arm-none-eabi/lib/armv6k/fpu\libg.a(libc_a-mbtowc_r.o)
                0x0011f6b8                __utf8_mbtowc
 .text.fiprintf
                0x0011f9f8       0x3c Z:/devkitpro/devkitARM/bin/../lib/gcc/arm-none-eabi/16.1.0/../../../../arm-none-eabi/lib/armv6k/fpu\libg.a(libc_a-fiprintf.o)
                0x0011f9f8                fiprintf
 .text.abort    0x0011fa34       0x14 Z:/devkitpro/devkitARM/bin/../lib/gcc/arm-none-eabi/16.1.0/../../../../arm-none-eabi/lib/armv6k/fpu\libg.a(libc_a-abort.o)
                0x0011fa34                abort
 .text.get_arg  0x0011fa48      0x5e0 Z:/devkitpro/devkitARM/bin/../lib/gcc/arm-none-eabi/16.1.0/../../../../arm-none-eabi/lib/armv6k/fpu\libg.a(libc_a-vfiprintf.o)
 .text._vfiprintf_r
                0x00120028     0x22f8 Z:/devkitpro/devkitARM/bin/../lib/gcc/arm-none-eabi/16.1.0/../../../../arm-none-eabi/lib/armv6k/fpu\libg.a(libc_a-vfiprintf.o)
                0x00120028                _vfiprintf_r
 .text.__sbprintf
                0x00122320       0xb4 Z:/devkitpro/devkitARM/bin/../lib/gcc/arm-none-eabi/16.1.0/../../../../arm-none-eabi/lib/armv6k/fpu\libg.a(libc_a-vfiprintf.o)
 .text._raise_r
                0x001223d4       0x9c Z:/devkitpro/devkitARM/bin/../lib/gcc/arm-none-eabi/16.1.0/../../../../arm-none-eabi/lib/armv6k/fpu\libg.a(libc_a-signal.o)
                0x001223d4                _raise_r
 .text.raise    0x00122470       0x20 Z:/devkitpro/devkitARM/bin/../lib/gcc/arm-none-eabi/16.1.0/../../../../arm-none-eabi/lib/armv6k/fpu\libg.a(libc_a-signal.o)
                0x00122470                raise
 .text.__sprint_r
                0x00122490       0x30 Z:/devkitpro/devkitARM/bin/../lib/gcc/arm-none-eabi/16.1.0/../../../../arm-none-eabi/lib/armv6k/fpu\libg.a(libc_a-sprint_r.o)
                0x00122490                __sprint_r
 .text.__swsetup_r
                0x001224c0      0x140 Z:/devkitpro/devkitARM/bin/../lib/gcc/arm-none-eabi/16.1.0/../../../../arm-none-eabi/lib/armv6k/fpu\libg.a(libc_a-wsetup.o)
                0x001224c0                __swsetup_r
 .text.__sfvwrite_r
                0x00122600      0x4a4 Z:/devkitpro/devkitARM/bin/../lib/gcc/arm-none-eabi/16.1.0/../../../../arm-none-eabi/lib/armv6k/fpu\libg.a(libc_a-fvwrite.o)
                0x00122600                __sfvwrite_r
 .text._exit    0x00122aa4       0x20 Z:/devkitpro/devkitARM/bin/../lib/gcc/arm-none-eabi/16.1.0/../../../../arm-none-eabi/lib/armv6k/fpu\libsysbase.a(libsysbase_libsysbase_a-_exit.o)
                0x00122aa4                _exit
 .text.chdir    0x00122ac4      0x140 Z:/devkitpro/devkitARM/bin/../lib/gcc/arm-none-eabi/16.1.0/../../../../arm-none-eabi/lib/armv6k/fpu\libsysbase.a(libsysbase_libsysbase_a-chdir.o)
                0x00122ac4                chdir
 .text._concatenate_path
                0x00122c04      0x1c8 Z:/devkitpro/devkitARM/bin/../lib/gcc/arm-none-eabi/16.1.0/../../../../arm-none-eabi/lib/armv6k/fpu\libsysbase.a(libsysbase_libsysbase_a-concatenate.o)
                0x00122c04                _concatenate_path
 .text._fstat_r
                0x00122dcc       0x9c Z:/devkitpro/devkitARM/bin/../lib/gcc/arm-none-eabi/16.1.0/../../../../arm-none-eabi/lib/armv6k/fpu\libsysbase.a(libsysbase_libsysbase_a-fstat.o)
                0x00122dcc                _fstat_r
 .text._getpid_r
                0x00122e68       0x14 Z:/devkitpro/devkitARM/bin/../lib/gcc/arm-none-eabi/16.1.0/../../../../arm-none-eabi/lib/armv6k/fpu\libsysbase.a(libsysbase_libsysbase_a-getpid.o)
                0x00122e68                _getpid_r
 .text.__getreent
                0x00122e7c       0x2c Z:/devkitpro/devkitARM/bin/../lib/gcc/arm-none-eabi/16.1.0/../../../../arm-none-eabi/lib/armv6k/fpu\libsysbase.a(libsysbase_libsysbase_a-getreent.o)
                0x00122e7c                __getreent
 .text._gettimeofday_r
                0x00122ea8       0x30 Z:/devkitpro/devkitARM/bin/../lib/gcc/arm-none-eabi/16.1.0/../../../../arm-none-eabi/lib/armv6k/fpu\libsysbase.a(libsysbase_libsysbase_a-gettod.o)
                0x00122ea8                _gettimeofday_r
 .text.__release_handle
                0x00122ed8       0xa0 Z:/devkitpro/devkitARM/bin/../lib/gcc/arm-none-eabi/16.1.0/../../../../arm-none-eabi/lib/armv6k/fpu\libsysbase.a(libsysbase_libsysbase_a-handle_manager.o)
                0x00122ed8                __release_handle
 .text.__alloc_handle
                0x00122f78       0xb0 Z:/devkitpro/devkitARM/bin/../lib/gcc/arm-none-eabi/16.1.0/../../../../arm-none-eabi/lib/armv6k/fpu\libsysbase.a(libsysbase_libsysbase_a-handle_manager.o)
                0x00122f78                __alloc_handle
 .text.__get_handle
                0x00123028       0x58 Z:/devkitpro/devkitARM/bin/../lib/gcc/arm-none-eabi/16.1.0/../../../../arm-none-eabi/lib/armv6k/fpu\libsysbase.a(libsysbase_libsysbase_a-handle_manager.o)
                0x00123028                __get_handle
 .text._close_r
                0x00123080      0x110 Z:/devkitpro/devkitARM/bin/../lib/gcc/arm-none-eabi/16.1.0/../../../../arm-none-eabi/lib/armv6k/fpu\libsysbase.a(libsysbase_libsysbase_a-handle_manager.o)
                0x00123080                _close_r
 .text.null_write
                0x00123190        0x8 Z:/devkitpro/devkitARM/bin/../lib/gcc/arm-none-eabi/16.1.0/../../../../arm-none-eabi/lib/armv6k/fpu\libsysbase.a(libsysbase_libsysbase_a-iosupport.o)
 .text.setDefaultDevice
                0x00123198       0x18 Z:/devkitpro/devkitARM/bin/../lib/gcc/arm-none-eabi/16.1.0/../../../../arm-none-eabi/lib/armv6k/fpu\libsysbase.a(libsysbase_libsysbase_a-iosupport.o)
                0x00123198                setDefaultDevice
 .text.FindDevice
                0x001231b0       0x98 Z:/devkitpro/devkitARM/bin/../lib/gcc/arm-none-eabi/16.1.0/../../../../arm-none-eabi/lib/armv6k/fpu\libsysbase.a(libsysbase_libsysbase_a-iosupport.o)
                0x001231b0                FindDevice
 .text.RemoveDevice
                0x00123248       0x24 Z:/devkitpro/devkitARM/bin/../lib/gcc/arm-none-eabi/16.1.0/../../../../arm-none-eabi/lib/armv6k/fpu\libsysbase.a(libsysbase_libsysbase_a-iosupport.o)
                0x00123248                RemoveDevice
 .text.AddDevice
                0x0012326c       0x88 Z:/devkitpro/devkitARM/bin/../lib/gcc/arm-none-eabi/16.1.0/../../../../arm-none-eabi/lib/armv6k/fpu\libsysbase.a(libsysbase_libsysbase_a-iosupport.o)
                0x0012326c                AddDevice
 .text.GetDeviceOpTab
                0x001232f4       0x20 Z:/devkitpro/devkitARM/bin/../lib/gcc/arm-none-eabi/16.1.0/../../../../arm-none-eabi/lib/armv6k/fpu\libsysbase.a(libsysbase_libsysbase_a-iosupport.o)
                0x001232f4                GetDeviceOpTab
 .text._isatty_r
                0x00123314        0x8 Z:/devkitpro/devkitARM/bin/../lib/gcc/arm-none-eabi/16.1.0/../../../../arm-none-eabi/lib/armv6k/fpu\libsysbase.a(libsysbase_libsysbase_a-isatty.o)
                0x00123314                _isatty_r
 .text._kill_r  0x0012331c       0x14 Z:/devkitpro/devkitARM/bin/../lib/gcc/arm-none-eabi/16.1.0/../../../../arm-none-eabi/lib/armv6k/fpu\libsysbase.a(libsysbase_libsysbase_a-kill.o)
                0x0012331c                _kill_r
 .text._lseek_r
                0x00123330       0x94 Z:/devkitpro/devkitARM/bin/../lib/gcc/arm-none-eabi/16.1.0/../../../../arm-none-eabi/lib/armv6k/fpu\libsysbase.a(libsysbase_libsysbase_a-lseek.o)
                0x00123330                _lseek_r