         w __deregister_frame_info
         w __register_frame_info
         w userAppExit
         w userAppInit
00000000 00000802 B __ctru_dev_utf16_buf
00000000 A __sync_synchronize
00000000 b _TLS_MODULE_BASE_
00000000 a shift
00000000 a shift
00000804 00000401 B __ctru_dev_path_buf
00100000 A __start__
00100000 T _start
00100008 T __service_ptr
0010000c T __apt_appid
00100010 T __heap_size
00100014 T __linear_heap_size
00100018 T __system_arglist
0010001c T __system_runflags
00100020 t startup
00100058 t ClearMem
0010006c t ClrLoop
00100094 T _init
001000ac t .udivsi3_skip_div0_test
001000ac T __aeabi_uidiv
001000ac 000001ec T __udivsi3
00100298 00000020 T __aeabi_uidivmod
001002b8 T __aeabi_idiv
001002b8 00000220 T __divsi3
001002c0 t .divsi3_skip_div0_test
001004d8 00000020 T __aeabi_idivmod
001004f8 00000004 W __aeabi_idiv0
001004f8 00000004 W __aeabi_ldiv0
001004fc T __aeabi_drsub
00100504 000002b0 T __aeabi_dsub
00100504 000002b0 T __subdf3
00100508 000002ac T __adddf3
00100508 000002ac T __aeabi_dadd
001007b4 00000024 T __aeabi_ui2d
001007b4 00000024 T __floatunsidf
001007d8 00000028 T __aeabi_i2d
001007d8 00000028 T __floatsidf
00100800 00000048 T __aeabi_f2d
00100800 00000048 T __extendsfdf2
00100848 00000074 T __aeabi_ul2d
00100848 00000074 T __floatundidf
0010085c 00000060 T __aeabi_l2d
0010085c 00000060 T __floatdidf
001008bc T __aeabi_ldivmod
00100990 T __aeabi_uldivmod
001009e8 00000390 T strcmp
00100d70 t __do_global_dtors_aux
00100dc0 t frame_dummy
00100dec 00000018 T incrimentLife
00100e04 00000018 T decrimentLife
00100e1c 000000ac T initSprite
00100ec8 000000ec T buttonUpdate
00100fb4 000000c8 T buttonDraw
00101080 00000428 T main
001014a8 00000044 t C2Di_FrameEndHook
001014ec 00000368 T C2D_Init
00101854 0000004c T C2D_Fini
001018a0 000000bc T C2D_Prepare
0010195c 00000048 T C2D_Flush
001019a4 000000fc T C2D_SceneSize
00101aa0 00000060 T C2D_CreateScreenTarget
00101b00 00000060 T C2D_TargetClear
00101b60 0000014c T C2Di_CalcQuad
00101cac 00000054 T C2Di_AppendQuad
00101d00 00000040 T C2Di_AppendVtx
00101d40 00000738 T C2Di_Update
00102478 000002e8 T C2D_DrawImage
00102760 00000168 T C2D_DrawRectangle
001028c8 00000068 T C2D_SpriteSheetLoadFromHandle
00102930 00000048 T C2D_SpriteSheetLoad
00102978 00000028 T C2D_SpriteSheetFree
001029a0 00000028 T C2D_SpriteSheetGetImage
001029c8 00000018 t C2Di_GlyphComp
001029e0 00000180 t C2Di_CalcLineWidths
00102b60 000001d0 T C2D_TextBufNew
00102d30 00000004 T C2D_TextBufDelete
00102d34 0000000c T C2D_TextBufClear
00102d40 000001c4 T C2D_TextFontParseLine
00102f04 000000a4 T C2D_TextFontParse
00102fa8 00000010 T C2D_TextParse
00102fb8 00000030 T C2D_TextOptimize
00102fe8 00000fdc T C2D_DrawText
00103fc4 00000050 T C2D_FontGlyphIndexFromCodePoint
00104014 00000074 T C2D_FontCalcGlyphPos
00104088 00000028 T AttrInfo_Init
001040b0 00000094 T AttrInfo_AddLoader
00104144 00000054 T C3D_SetAttrInfo
00104198 00000080 T C3Di_AttrInfoBind
00104218 00000004 W C3Di_LightEnvUpdate
0010421c 00000004 W C3Di_LightEnvDirty
00104220 000000b4 t C3Di_AptEventHook
001042d4 00000004 W C3Di_GasUpdate
001042d8 000001d0 T C3D_Init
001044a8 00000098 T C3D_SetViewport
00104540 000004e8 T C3Di_UpdateContext
00104a28 000000e0 T C3Di_SplitFrame
00104b08 00000010 T C3D_GetCmdBufUsage
00104b18 00000044 T C3D_Fini
00104b5c 00000194 T C3D_BindProgram
00104cf0 00000024 T BufInfo_Init
00104d14 00000080 T BufInfo_Add
00104d94 0000003c T C3D_SetBufInfo
00104dd0 00000048 T C3Di_BufInfoBind
00104e18 0000021c T C3D_DrawElements
00105034 00000040 T C3D_DepthMap
00105074 0000001c T C3D_CullFace
00105090 00000040 T C3D_StencilTest
001050d0 00000024 T C3D_StencilOp
001050f4 0000001c T C3D_BlendingColor
00105110 00000024 T C3D_EarlyDepthTest
00105134 0000002c T C3D_DepthTest
00105160 0000002c T C3D_AlphaTest
0010518c 00000050 T C3D_AlphaBlend
001051dc 00000030 T C3D_FragOpMode
0010520c 00000044 T C3D_FragOpShadow
00105250 000001ac T C3Di_EffectBind
001053fc 0000001c T C3D_CalcColorBufSize
00105418 0000001c T C3D_CalcDepthBufSize
00105434 00000044 T C3D_SetFrameBuf
00105478 0000016c T C3Di_FrameBufBind
001055e4 000000c8 T C3D_FrameBufClear
001056ac 00000044 T C3D_FrameBufTransfer
001056f0 000000a8 T C3D_ImmSendAttrib
00105798 00000070 T C3D_ProcTexInit
00105808 00000054 T C3D_ProcTexBind
0010585c 0000005c T C3D_ProcTexLutBind
001058b8 000000a4 T ProcTexLut_FromArray
0010595c 00000178 T C3Di_ProcTexUpdate
00105ad4 00000068 T C3Di_ProcTexDirty
00105b3c 0000004c t onVBlank0
00105b88 0000004c t onVBlank1
00105bd4 00000080 t C3Di_RenderTargetDestroy
00105c54 000000f4 t onQueueFinish
00105d48 00000038 T C3Di_RenderQueueEnableVBlank
00105d80 00000030 T C3Di_RenderQueueDisableVBlank
00105db0 00000060 T C3Di_RenderQueueInit
00105e10 000000b4 T C3Di_RenderQueueExit
00105ec4 00000034 T C3Di_RenderQueueWaitDone
00105ef8 000000e8 T C3D_FrameBegin
00105fe0 00000048 T C3D_FrameDrawOn
00106028 00000058 T C3D_FrameSplit
00106080 000001d0 T C3D_FrameEnd
00106250 0000001c T C3D_FrameEndHook
0010626c 00000018 T C3D_GetDrawingTime
00106284 00000018 T C3D_GetProcessingTime
0010629c 00000170 T C3D_RenderTargetCreate
0010640c 000000a8 T C3D_RenderTargetSetOutput
001064b4 000000fc T C3D_SyncTextureCopy
001065b0 000003d8 t Tex3DSi_ImportCommon
00106988 00000038 T Tex3DS_TextureImportStdio
001069c0 0000001c T Tex3DS_GetSubTexture
001069dc 00000004 T Tex3DS_TextureFree
001069e0 00000034 T C3D_GetTexEnv
00106a14 00000024 T C3Di_TexEnvBind
00106a38 00000290 T C3D_TexInitWithParams
00106cc8 000000c8 T C3D_TexLoadImage
00106d90 00000044 T C3D_TexBind
00106dd4 00000074 T C3D_TexDelete
00106e48 0000014c T C3Di_SetTex
00106f94 00000290 T C3D_UpdateUniforms
00107224 000000c0 T C3Di_DirtyUniforms
001072e4 000000d8 T C3Di_LoadShaderUniforms
001073bc 00000028 T C3Di_ClearShaderUniforms
001073e4 000000cc T Mtx_Ortho
001074b0 000000cc T Mtx_OrthoTilt
0010757c 00000024 t addrMapNodeComparator(rbtree_node const*, rbtree_node const*)
001075a0 00000004 t addrMapNodeDestructor(rbtree_node*)
001075a4 0000012c T linearMemAlign
001076d0 00000008 T linearAlloc
001076d8 0000005c T linearFree
00107734 00000088 T MemPool::CoalesceRight(MemBlock*)
001077bc 00000178 T MemPool::Allocate(MemChunk&, unsigned long, int)
00107934 00000118 T MemPool::Deallocate(MemChunk const&)
00107a4c 00000030 T MemPool::GetFreeSpace()
00107a7c 00000024 t addrMapNodeComparator(rbtree_node const*, rbtree_node const*)
00107aa0 00000004 t addrMapNodeDestructor(rbtree_node*)
00107aa4 00000248 T vramMemAlignAt
00107cec 0000000c T vramAlloc
00107cf8 0000000c T vramAllocAt
00107d04 00000094 T vramFree
00107d98 0000009c T fontEnsureMapped
00107e34 00000100 T fontGlyphIndexFromCodePoint
00107f34 00000214 T fontCalcGlyphPos
00108148 000000cc t gfxPresentFramebuffer
00108214 0000001c T gfxIsWide
00108230 000000f8 T gfxSetScreenFormat
00108328 000000d8 T gfxInit
00108400 00000010 T gfxInitDefault
00108410 000000b8 T gfxExit
001084c8 000000a0 T gfxGetFramebuffer
00108568 00000028 T gfxScreenSwapBuffers
00108590 00000074 T osConvertVirtToPhys
00108604 00000054 T osGetTimeRef
00108658 000000ec T osGetTime
00108748 00000038 T osTickCounterRead
00108780 00000034 T __ctru_speedup_config
001087b4 00000008 t romfs_close
001087bc 000000ac t romfs_seek
00108868 00000024 t romfs_dirreset
0010888c 000000c0 t fill_dir
0010894c 000002ac t romfs_dirnext
00108bf8 00000074 t romfs_free
00108c6c 000000d0 t searchForFile.constprop.0
00108d3c 000000d4 t searchForDir.constprop.0
00108e10 000001c0 t navigateToDir.constprop.0
00108fd0 00000114 t romfs_open
001090e4 0000004c t romfs_chdir
00109130 00000068 t romfs_diropen
00109198 00000178 t romfs_stat
00109310 00000008 t romfs_dirclose
00109318 0000007c t romfs_fstat
00109394 000000d0 t romfs_read
00109464 00000294 T romfsMountFromFile
001096f8 00000098 T romfsMountFromCurrentProcess
00109790 00000258 T romfsMountSelf
001099e8 000000a0 T romfsUnmount
00109a88 0000013c T GPUCMD_Add
00109bc4 000000b0 T GPUCMD_Split
00109c74 00000034 T f32tof16
00109ca8 00000034 T f32tof24
00109cdc 00000038 T f32tof31
00109d14 00000010 T GX_BindQueue
00109d24 0000007c T GX_ProcessCommandList
00109da0 00000074 T GX_MemoryFill
00109e14 00000074 T GX_DisplayTransfer
00109e88 00000078 T GX_TextureCopy
00109f00 00000064 t gxCmdQueueDoCommands.part.0
00109f64 000000e4 T gxCmdQueueInterrupt
0010a048 00000068 T gxCmdQueueClear
0010a0b0 00000108 T gxCmdQueueAdd
0010a1b8 00000080 T gxCmdQueueRun
0010a238 00000064 T gxCmdQueueStop
0010a29c 000000ac T gxCmdQueueWait
0010a348 000001e0 T shaderInstanceInit
0010a528 00000018 T shaderInstanceGetUniformLocation
0010a540 0000001c T shaderProgramInit
0010a55c 00000074 T shaderProgramFree
0010a5d0 00000094 T shaderProgramSetVsh
0010a664 000008d0 T shaderProgramConfigure
0010af34 000001dc t DVLE_GenerateOutmap.part.0
0010b110 000001ac T DVLB_ParseFile
0010b2bc 00000050 T DVLB_Free
0010b30c 00000074 T DVLE_GetUniformRegister
0010b380 00000180 t aptConvertScreenForCapture
0010b500 00000008 W aptDspSleep
0010b508 00000004 W aptDspWakeup
0010b50c 00000004 W aptDspCancel
0010b510 00000138 T aptSendCommand
0010b648 00000044 t aptExitProcess
0010b68c 00000394 T aptExit
0010ba20 000000d8 T aptHandleSleep
0010baf8 00000034 T aptHook
0010bb2c 00000030 T aptUnhook
0010bb5c 00000084 T APT_SleepIfShellClosed
0010bbe0 00000078 T aptSetSleepAllowed
0010bc58 00000084 T APT_UnlockTransition
0010bce0 00000470 t aptEventHandler
0010c150 000000bc T APT_ReceiveParameter
0010c20c 000000b0 t aptReceiveParameter.constprop.0
0010c2c0 00000294 t aptScreenTransfer
0010c554 000002d0 t aptWaitForWakeUp.isra.0
0010c824 000000f4 T aptJumpToHomeMenu
0010c918 00000058 T aptMainLoop
0010c970 00000240 T aptInit
0010cbb0 00000090 T APT_CheckNew3DS
0010cc40 00000048 T APT_GetSharedFont
0010cc88 00000104 T fsInit
0010cd8c 0000003c T fsExit
0010cdc8 00000068 T fsExemptFromSession
0010ce30 00000050 T fsUnexemptFromSession
0010ce80 000000cc T FSUSER_OpenFile
0010cf4c 000000cc T FSUSER_OpenFileDirectly
0010d018 000000b8 T FSUSER_DeleteFile
0010d0d0 000000f4 T FSUSER_RenameFile
0010d1c4 000000b8 T FSUSER_DeleteDirectory
0010d27c 000000d0 T FSUSER_CreateFile
0010d34c 000000c0 T FSUSER_CreateDirectory
0010d40c 000000f4 T FSUSER_RenameDirectory
0010d500 000000b4 T FSUSER_OpenDirectory
0010d5b4 00000090 T FSUSER_OpenArchive
0010d644 0000008c T FSUSER_CloseArchive
0010d6d0 00000074 T FSUSER_GetSdmcArchiveResource
0010d744 00000064 T FSUSER_IsSdmcWritable
0010d7a8 00000064 T FSFILE_Read
0010d80c 0000006c T FSFILE_Write
0010d878 00000044 T FSFILE_GetSize
0010d8bc 00000028 T FSFILE_SetSize
0010d8e4 0000003c T FSFILE_Close
0010d920 00000024 T FSFILE_Flush
0010d944 00000060 T FSDIR_Read
0010d9a4 0000003c T FSDIR_Close
0010d9e0 00000c70 t gspHardwareInit
0010e650 00000288 T gspInit
0010e8d8 00000104 T gspExit
0010e9dc 00000010 T gspHasGpuRight
0010e9ec 000000a4 T gspPresentBuffer
0010ea90 00000030 T gspSetEventCallback
0010eac0 00000050 T gspWaitForEvent
0010eb10 0000004c T gspWaitForAnyEvent
0010eb5c 00000154 t gspEventThreadMain
0010ecb0 0000012c T gspSubmitGxCommand
0010eddc 00000050 T GSPGPU_FlushDataCache
0010ee2c 00000034 T GSPGPU_SetLcdForceBlack
0010ee60 00000084 T GSPGPU_AcquireRight
0010eee4 00000064 T GSPGPU_ReleaseRight
0010ef48 0000007c T GSPGPU_ImportDisplayCaptureInfo
0010efc4 0000002c T GSPGPU_SaveVramSysArea
0010eff0 0000002c T GSPGPU_RestoreVramSysArea
0010f01c 00000024 W hidShouldUseIrrst
0010f040 000001cc T hidInit
0010f20c 000000e8 T hidExit
0010f2f4 000002a0 T hidScanInput
0010f594 00000010 T hidKeysHeld
0010f5a4 00000010 T hidKeysDown
0010f5b4 00000018 T hidTouchRead
0010f5cc 000001a4 T irrstInit
0010f770 000000dc T irrstExit
0010f84c 000000b4 T irrstScanInput
0010f900 00000024 T irrstKeysHeld
0010f924 00000078 T ptmSysmInit
0010f99c 0000003c T ptmSysmExit
0010f9d8 00000034 T PTMSYSM_ConfigureNew3DSCPU
0010fa0c 000000e0 t buffer_read
0010faec 000000cc t iov_read
0010fbb8 00000164 t iov_memmove
0010fd1c 000001e0 t decompress_rle
0010fefc 00000264 t decompress_lzss
00110160 00000418 t decompress_lz11
00110578 0000033c t decompress_huff.isra.0
001108b4 00000010 T decompressCallback_Stdio
001108c4 000000e4 T decompressHeader
001109a8 0000021c T decompressV
00110bc4 00000074 T rbtree_find
00110c38 00000010 T rbtree_init
00110c48 00000198 t do_insert
00110de0 00000008 T rbtree_insert
00110de8 00000310 T rbtree_remove
001110f8 00000090 T rbtree_rotate
00111188 00000140 T decode_utf8
001112c8 000000e8 T utf16_to_utf8
001113b0 000000c0 T utf8_to_utf16
00111470 000001e8 W __system_allocateHeaps
00111658 00000038 W __libctru_init
00111690 0000016c W __system_initArgv
001117fc 00000030 T __syscall_getreent
0011182c 00000064 T __syscall_gettod_r
00111890 00000004 T __syscall_lock_acquire
00111894 00000004 T __syscall_lock_release
00111898 00000004 T __syscall_lock_acquire_recursive
0011189c 00000004 T __syscall_lock_release_recursive
001118a0 00000004 T __syscall_exit
001118a4 00000054 T initThreadVars
001118f8 00000080 T __system_initSyscalls
00111978 T svcControlMemory
00111998 T svcQueryMemory
001119c8 T svcExitProcess
001119d0 T svcCreateThread
001119f0 T svcExitThread
001119f8 T svcSleepThread
00111a00 T svcReleaseMutex
00111a08 T svcCreateEvent
00111a1c T svcSignalEvent
00111a24 T svcClearEvent
00111a2c T svcMapMemoryBlock
00111a34 T svcUnmapMemoryBlock
00111a3c T svcCreateAddressArbiter
00111a50 T svcArbitrateAddressNoTimeout
00111a58 T svcCloseHandle
00111a60 T svcWaitSynchronization
00111a68 T svcWaitSynchronizationN
00111a90 T svcDuplicateHandle
00111aa4 T svcGetSystemTick
00111aac T svcConnectToPort
00111ac0 T svcSendSyncRequest
00111ac8 T svcGetResourceLimit
00111adc T svcGetResourceLimitLimitValues
00111ae4 T svcGetResourceLimitCurrentValues
00111aec T svcBreak
00111af4 T __aeabi_read_tp
00111b00 W initSystem
00111b50 W __ctru_exit
00111b64 0000008c W envGetHandle
00111bf0 00000050 W envDestroyHandles
00111c40 00000164 T srvInit
00111da4 00000064 T srvExit
00111e08 00000060 T srvEnableNotification
00111e68 000000a0 T srvGetServiceHandleDirect
00111f08 00000048 T srvGetServiceHandle
00111f50 00000034 T srvSubscribe
00111f84 00000060 T srvReceiveNotification
00111fe4 00000038 T srvPublishToSubscriber
0011201c 0000000c T __sync_init
00112028 00000018 T __sync_fini
00112040 00000028 T syncArbitrateAddress
00112068 000000ac T LightLock_Lock
00112114 00000040 T LightLock_Unlock
00112154 00000054 T RecursiveLock_Lock
001121a8 00000054 T RecursiveLock_Unlock
001121fc 00000044 T LightEvent_Init
00112240 000000b8 T LightEvent_Clear
001122f8 000000dc T LightEvent_Signal
001123d4 00000050 T LightEvent_TryWait
00112424 000000ac T LightEvent_Wait
001124d0 000001fc T threadCreate
001126cc 00000038 T threadFree
00112704 00000024 T threadJoin
00112728 00000030 T threadGetCurrent
00112758 00000040 T threadExit
00112798 00000020 t _thread_begin
001127b8 00000090 t mappableFindAddressWithin
00112848 00000028 T mappableInit
00112870 0000007c T mappableAlloc
001128ec 00000004 T mappableFree
001128f0 0000000c T srvPmGetSessionHandle
001128fc 00000060 T rbtree_node_next
0011295c 00000054 T decode_utf16
001129b0 00000054 T encode_utf16
00112a04 000000e0 T encode_utf8
00112ae4 00000030 W __appExit
00112b14 00000030 W __appInit
00112b44 00000090 W __libctru_exit
00112bd4 00000024 t error_cmp
00112bf8 00000050 t archive_translate_error
00112c48 000000c0 t archive_seek
00112d08 00000078 t _archiveInit.part.0
00112d80 00000110 t archiveFindDevice.part.0
00112e90 00000298 t archive_utf16path
00113128 00000098 t _archiveUnmountDeviceStruct.part.0
001131c0 00000178 t _archiveMountDevice
00113338 000000f8 t archive_diropen
00113430 000000ac t archive_fstat
001134dc 00000074 t archive_fsync
00113550 00000074 t archive_close
001135c4 00000078 t archive_dirclose
0011363c 000000ec t sdmc_statvfs
00113728 000000f8 t archive_chdir
00113820 0000008c t archive_ftruncate
001138ac 000000bc t archive_read
00113968 000000a8 t archive_unlink
00113a10 000000c0 t archive_rmdir
00113ad0 000000d8 t archive_mkdir
00113ba8 000001a0 t archive_stat
00113d48 00000164 t archive_dirnext
00113eac 0000013c t archive_write
00113fe8 00000254 t archive_open
0011423c 00000270 t archive_rename
001144ac 000001c8 T archiveMountSdmc
00114674 00000054 T archiveUnmountAll
001146c8 00000264 T sinf
0011492c 00000024 t with_errnof
00114950 0000001c T __math_invalidf
0011496c 000000c0 T ceilf
00114a30 0000025c T cosf
00114c8c 00000130 T __udivmoddi4
00114dbc 000000e4 T strncat
00114ea0 00000128 T memcpy
00114fc8 0000008c T strlen
00115054 00000334 T _fread_r
00115388 00000038 T fread
001153c0 00000078 T bsearch
00115438 00000134 T _fopen_r
0011556c 00000028 T fopen
00115594 00000028 T memalign
001155bc 000000a0 T snprintf
0011565c 000001ec t _strtoul_l.isra.0
00115848 0000003c T strtoul
00115884 00000140 T strchr
001159c4 000000d8 T memcmp
00115a9c 00000028 T calloc
00115ac4 0000016c T _memalign_r
00115c30 0000000c T __errno
00115c3c 00000164 T __smakebuf_r
00115da0 00000090 T __swhatbuf_r
00115e30 000000e4 T memset
00115f14 000000d8 T _calloc_r
00115fec 0000022c T __sflush_r
00116218 000000c4 T _fflush_r
001162dc 000008e8 T qsort
00116bc4 0000082c T _malloc_r
001173f0 00000114 T _malloc_trim_r
00117504 00000314 T _free_r
00117818 00000294 T setvbuf
00117aac 0000001c t stdio_exit_handler
00117ac8 0000005c t cleanup_stdio
00117b24 00000154 t global_stdio_init.part.0
00117c78 00000138 T __sfp
00117db0 0000005c T __sinit
00117e0c 0000000c T __sfp_lock_acquire
00117e18 0000000c T __sfp_lock_release
00117e24 00000084 T __libc_init_array
00117ea8 000000d4 T strncpy
00117f7c 0000001c T _fseek_r
00117f98 00000040 T malloc
00117fd8 00000020 T free
00117ff8 00000044 T __sread
0011803c 00000068 T __swrite
001180a4 00000040 T __sseek
001180e4 00000008 T __sclose
001180ec 000004f0 T _realloc_r
001185dc 0000000c T __malloc_lock
001185e8 0000000c T __malloc_unlock
001185f4 00000588 T _fseeko_r
00118b7c 00000148 T _fclose_r
00118cc4 00000020 T fclose
00118ce4 00000048 T time
00118d2c 00000004 W __call_exitprocs
00118d30 00000030 T exit
00118d60 000005e0 t get_arg
00119340 0000345c T _svfprintf_r
0011c79c 000000b8 T __sflags
0011c854 0000003c T __libc_fini_array
0011c890 0000003c T strnlen
0011c8cc 000000d8 T strncmp
0011c9a4 00000038 t lflush
0011c9dc 000001a8 T __srefill_r
0011cb88 00000088 T frexp
0011cc10 00000070 T _fwalk_sglue
0011cc80 000000a0 T _wcrtomb_r
0011cd20 000000a4 T __ssprint_r
0011cdc4 00000024 T __locale_mb_cur_max
0011cde8 000001c0 t quorem
0011cfa8 00001420 T _dtoa_r
0011e3c8 000000e8 T memchr
0011e4b0 00000028 T _wcsrtombs_r
0011e4d8 00000024 T _localeconv_r
0011e4fc 000001a8 T memmove
0011e6a4 0000012c T __ssputs_r
0011e7d0 000000f8 T __utf8_wctomb
0011e8c8 0000015c T _wcsnrtombs_l
0011ea24 00000064 T _wcsnrtombs_r
0011ea88 0000005c T __assert_func
0011eae4 00000088 T _Balloc
0011eb6c 0000001c T _Bfree
0011eb88 000000f4 T __multadd
0011ec7c 00000080 T __hi0bits
0011ecfc 000000f0 T __lo0bits
0011edec 000000a4 T __i2b
0011ee90 00000230 T __multiply
0011f0c0 00000130 T __pow5mult
0011f1f0 00000138 T __lshift
0011f328 00000058 T __mcmp
0011f380 00000218 T __mdiff
0011f598 00000120 T __d2b
0011f6b8 00000340 T __utf8_mbtowc
0011f9f8 0000003c T fiprintf
0011fa34 00000014 T abort
0011fa48 000005e0 t get_arg
00120028 000022f8 T _vfiprintf_r
00122320 000000b4 t __sbprintf
001223d4 0000009c T _raise_r
00122470 00000020 T raise
00122490 00000030 T __sprint_r
001224c0 00000140 T __swsetup_r
00122600 000004a4 T __sfvwrite_r
00122aa4 00000020 T _exit
00122ac4 00000140 T chdir
00122c04 000001c8 T _concatenate_path
00122dcc 0000009c T _fstat_r
00122e68 00000014 T _getpid_r
00122e7c 0000002c T __getreent
00122ea8 00000030 T _gettimeofday_r
00122ed8 000000a0 T __release_handle
00122f78 000000b0 T __alloc_handle
00123028 00000058 T __get_handle
00123080 00000110 T _close_r
00123190 00000008 t null_write
00123198 00000018 T setDefaultDevice
001231b0 00000098 T FindDevice
00123248 00000024 T RemoveDevice
0012326c 00000088 T AddDevice
001232f4 00000020 T GetDeviceOpTab
00123314 00000008 T _isatty_r
0012331c 00000014 T _kill_r
00123330 00000094 T _lseek_r
001233c4 000000c0 T _open_r
00123484 00000094 T _read_r
00123518 00000078 W _sbrk_r
00123590 0000001c T __libc_lock_acquire
001235ac 0000001c T __libc_lock_release
001235c8 0000001c T __libc_lock_acquire_recursive
001235e4 0000001c T __libc_lock_release_recursive
00123600 00000094 T _write_r
00123694 00000048 T strrchr
001236dc T _fini
00124000 00000008 r s_defaultTint.0
00124200 r .LC2
00124344 R render2d_shbin
001244d0 00000004 r depthFmtSizes
001244d0 R render2d_shbin_end
001244d4 00000005 r colorFmtSizes
001244dc 00000010 r CSWTCH.11
001244ec 00000038 r CSWTCH.19
00124524 00000080 r romFS_devoptab
001245cc 00000008 r morton_y.2
001245d4 00000008 r morton_x.3
001245dc 00000008 r s_sleepWakeEvents.4
001245e4 0000000c r serviceNameTable.5
00124614 00000030 r error_table
00124644 00000080 r archive_devoptab
001246c4 00000060 R __inv_pio4
00124728 000000e0 R __sincosf_table
00124930 00000010 r zeroes.0
00124940 00000010 r blanks.1
00124950 00000101 R _ctype_
00124a54 0000006c R __action_table
00124ac0 0000006c R __state_table
00124b2c 00000100 R __chclass
00124c34 0000000c r p05.0
00124c40 00000028 R __mprec_bigtens
00124c68 000000c8 R __mprec_tens
00124e1c 00000010 r zeroes.0
00124e2c 00000010 r blanks.1
00124e3c 00000080 R dotab_stdnull
00124ebc R __tdata_align
00124ec0 r __EH_FRAME_BEGIN__
00124ec0 R __exidx_end
00124ec0 R __exidx_start
00125000 00000004 D life
00125004 00000008 d framerateCounter
0012500c 00000004 d framerate
00125010 00000004 d queueLock
00125014 00000004 d aptChainloadDeliverArgSize
00125018 00000004 d kCount
0012501c 00000004 d kInterval
00125020 00000004 d kDelay
00125024 W __stacksize__
00125028 00000004 D _impure_ptr
00125030 00000200 D _impure_data
00125230 00000004 D __malloc_sbrk_base
00125234 00000004 D __malloc_trim_threshold
00125238 00000408 D __malloc_av_
00125640 0000000c D __sglue
0012564c 00000254 D __global_locale
001258a0 00000400 d _current_working_directory
00125ca0 00001000 d handles
00126ca0 0000000c d __stderr_handle
00126cac 0000000c d __stdout_handle
00126cb8 0000000c d __stdin_handle
00126cc4 0000008c D devoptab_list
00126d50 00000004 d defaultDevice
00126d5c d _GLOBAL_OFFSET_TABLE_
00126d68 d __frame_dummy_init_array_entry
00126d68 D __init_array_start
00126d68 B __preinit_array_end
00126d68 B __preinit_array_start
00126d68 D __tdata_lma
00126d68 D __tdata_lma_end
00126d6c d __do_global_dtors_aux_fini_array_entry
00126d6c D __fini_array_start
00126d6c D __init_array_end
00126d70 D __bss_start__
00126d70 D __fini_array_end
00126d70 00000004 b spriteSheet
00126d74 00000004 B touch
00126d78 00000004 B down
00126d7c 00000004 B held
00126d80 00000038 B text
00126db8 00000004 B textBuffer
00126dbc 00000004 B debugBuffer
00126dc0 00009c00 b sprites
001309c0 000005a8 B __C2Di_Context
00130f68 00000040 b s_projTop
00130fa8 00000040 b s_projBot
00130fe8 00000004 b uLoc_mdlvMtx
00130fec 00000004 b uLoc_projMtx
00130ff0 00000004 b s_glyphSheets
00130ff4 00000004 b s_textScale
00130ff8 b completed.1
00130ffc b object.0
00131014 0000000c b hookCookie
00131020 000002d0 B __C3D_Context
001312f0 00000004 b frameEndCbData
001312f4 00000004 b frameEndCb
001312f8 00000008 b frameCounter
00131300 00000001 b isTopStereo
00131301 00000001 b needSwapBot
00131302 00000001 b needSwapTop
00131303 00000001 b measureGpuTime
00131304 00000001 b inSafeTransfer
00131305 00000001 b inFrame
00131308 00000010 b cpuTime
00131318 00000010 b gpuTime
00131328 0000000c b linkedTarget
00131334 00000004 b lastTarget
00131338 00000004 b firstTarget
0013133c 00000008 b C3Di_IVUnifEverDirty
00131344 000000c0 b C3Di_FVUnifEverDirty
00131404 00000018 b C3Di_ShaderFVecData
0013141c 00000002 B C3D_BoolUnifsDirty
00131420 00000008 B C3D_IVUnifDirty
00131428 000000c0 B C3D_FVUnifDirty
001314e8 00000004 B C3D_BoolUnifs
001314ec 00000020 B C3D_IVUnif
0013150c 00000c00 B C3D_FVUnif
00132110 00000008 b sLinearPool
00132118 0000000c b sAddrMap
00132128 00000008 b sVramPoolB
00132130 00000008 b sVramPoolA
00132138 0000000c b sAddrMap
00132144 00000004 b sharedFontAddr
00132148 00000004 B g_sharedFont
0013214c 00000004 b screenAlloc
00132150 00000004 b screenFree
00132154 00000002 b gfxIsDoubleBuf
00132158 00000002 b gfxCurBuf
0013215a 00000001 b gfxIsVram
0013215b 00000001 b gfxTopMode
0013215c 00000002 b gfxFramebufferFormats
00132160 00000004 b gfxBottomFramebufferMaxSize
00132164 00000004 b gfxTopFramebufferMaxSize
00132168 00000008 b gfxBottomFramebuffers
00132170 00000008 b gfxTopFramebuffers
00132178 00000001 V __ctru_speedup
0013217c 00000004 b romfs_mount_list
00132180 00000004 V __romfs_path
00132184 00000004 B gpuCmdBufOffset
00132188 00000004 B gpuCmdBufSize
0013218c 00000004 B gpuCmdBuf
00132190 00000004 b boundQueue
00132194 00000001 b shouldStop
00132195 00000001 b isRunning
00132196 00000001 b isActive
00132198 00000004 b curQueue
0013219c 00000001 b flagValue.0
0013219d 00000001 b flagInit.1
001321a0 00000004 b serviceName.6
001321a4 00000001 b aptChainloadFlags
001321a5 00000001 b aptChainloadMediatype
001321a8 00000020 b aptChainloadHmac
001321c8 00000300 b aptChainloadDeliverArg
001324c8 00000008 b aptChainloadTid
001324d0 00001000 b aptParameters
001334d0 00000004 b aptFlags
001334d4 00000001 b aptHomeButtonState
001334d8 00000004 b aptMessageFuncData
001334dc 00000004 b aptMessageFunc
001334e0 0000000c b aptFirstHook
001334ec 00000001 b aptEventHandlerThreadQuit
001334f0 00000004 b aptEventHandlerThread
001334f4 00000008 b aptSleepEvent
001334fc 00000008 b aptReceiveEvent
00133504 00000008 b aptEvents
0013350c 00000004 b aptLockHandle
00133510 00000004 b aptRefCount
00133518 00000080 b fsExemptArchives
00133598 00000004 b fsuRefCount
0013359c 00000004 b fsuHandle
001335a0 00000007 b gspEventCbOneShot
001335a8 0000001c b gspEventCbData
001335c4 0000001c b gspEventCb
001335e0 00000038 b gspEvents
00133618 00000004 b gspLastEvent
0013361c 00000001 b gspRunEvents
00133620 00000004 b gspEventThread
00133624 00000004 b gspEvent
00133628 00000001 b gspGpuRight
00133629 00000001 b gspThreadId
0013362c 00000004 b gspSharedMem
00133630 00000004 b gspSharedMemHandle
00133634 00000004 b gspRefCount
00133638 00000004 b gspGpuHandle
0013363c 00000001 b usingIrrst
00133640 00000004 b hidRefCount
00133644 00000006 b gRate
0013364c 00000006 b aVec
00133654 00000004 b cPos
00133658 00000004 b tPos
0013365c 00000004 b kRepeat
00133660 00000004 b kUp
00133664 00000004 b kDown
00133668 00000004 b kHeld
0013366c 00000004 b kOld
00133670 00000004 B hidSharedMem
00133674 00000014 B hidEvents
00133688 00000004 B hidMemHandle
0013368c 00000004 B hidHandle
00133690 00000004 b irrstRefCount
00133694 00000004 b csPos
00133698 00000004 b kHeld
0013369c 00000004 B irrstSharedMem
001336a0 00000004 B irrstEvent
001336a4 00000004 B irrstMemHandle
001336a8 00000004 B irrstHandle
001336ac 00000004 b ptmSysmRefCount
001336b0 00000004 b ptmSysmHandle
001336b4 00000004 V __ctru_linear_heap_size
001336b8 00000004 V __ctru_heap_size
001336bc 00000004 B __ctru_linear_heap
001336c0 00000004 B __ctru_heap
001336c4 00000004 B __system_retAddr
001336c8 00000004 B __system_argv
001336cc 00000004 B __system_argc
001336d0 b saved_stack
001336d8 00000004 B __3dslink_host
001336dc 00000004 b srvRefCount
001336e0 00000004 b srvHandle
001336e4 00000004 b arbiter
001336e8 00000004 b currentAddr
001336ec 00000004 b maxAddr
001336f0 00000004 b minAddr
001336f4 00000004 b srvPmHandle
001336f8 000005c0 b archive_devices
00133cb8 00000004 b archive_device_cwd
00133cbc 00000001 b archive_initialized
00133cc0 00000028 B __malloc_current_mallinfo
00133ce8 00000004 B __malloc_max_total_mem
00133cec 00000004 B __malloc_max_sbrked_mem
00133cf0 00000004 B __malloc_top_pad
00133cf4 0000000c b __sfp_recursive_mutex
00133d00 00000168 B __sf
00133e68 00000004 B __stdio_exit_handler
00133e6c 0000000c b __malloc_recursive_mutex
00133e78 00000400 b temp_cwd
00134278 00000004 b __hndl_lock
0013427c 00000004 B fake_heap_start
00134280 00000004 B fake_heap_end
00134284 00000004 b heap_start.0
00134288 B __tls_start
00134e90 B __bss_end__
00134e90 A __end__
00134e90 B __tls_end
